Component: ARM Compiler 5.05 update 1 (build 106) Tool: armlink [4d0efa]

==============================================================================

Section Cross References

    startup_stm32f407xx.o(RESET) refers to startup_stm32f407xx.o(STACK) for __initial_sp
    startup_stm32f407xx.o(RESET) refers to startup_stm32f407xx.o(.text) for Reset_Handler
    startup_stm32f407xx.o(RESET) refers to stm32f4xx_it.o(i.NMI_Handler) for NMI_Handler
    startup_stm32f407xx.o(RESET) refers to stm32f4xx_it.o(i.HardFault_Handler) for HardFault_Handler
    startup_stm32f407xx.o(RESET) refers to stm32f4xx_it.o(i.MemManage_Handler) for MemManage_Handler
    startup_stm32f407xx.o(RESET) refers to stm32f4xx_it.o(i.BusFault_Handler) for BusFault_Handler
    startup_stm32f407xx.o(RESET) refers to stm32f4xx_it.o(i.UsageFault_Handler) for UsageFault_Handler
    startup_stm32f407xx.o(RESET) refers to port.o(.emb_text) for SVC_Handler
    startup_stm32f407xx.o(RESET) refers to stm32f4xx_it.o(i.DebugMon_Handler) for DebugMon_Handler
    startup_stm32f407xx.o(RESET) refers to stm32f4xx_it.o(i.SysTick_Handler) for SysTick_Handler
    startup_stm32f407xx.o(RESET) refers to stm32f4xx_it.o(i.EXTI0_IRQHandler) for EXTI0_IRQHandler
    startup_stm32f407xx.o(RESET) refers to stm32f4xx_it.o(i.DMA1_Stream5_IRQHandler) for DMA1_Stream5_IRQHandler
    startup_stm32f407xx.o(RESET) refers to stm32f4xx_it.o(i.DMA1_Stream6_IRQHandler) for DMA1_Stream6_IRQHandler
    startup_stm32f407xx.o(RESET) refers to stm32f4xx_it.o(i.USART1_IRQHandler) for USART1_IRQHandler
    startup_stm32f407xx.o(RESET) refers to stm32f4xx_it.o(i.DMA2_Stream0_IRQHandler) for DMA2_Stream0_IRQHandler
    startup_stm32f407xx.o(RESET) refers to stm32f4xx_it.o(i.DMA2_Stream7_IRQHandler) for DMA2_Stream7_IRQHandler
    startup_stm32f407xx.o(.text) refers to system_stm32f4xx.o(i.SystemInit) for SystemInit
    startup_stm32f407xx.o(.text) refers to entry.o(.ARM.Collect$$$$00000000) for __main
    main.o(i.SystemClock_Config) refers to memseta.o(.text) for __aeabi_memclr4
    main.o(i.SystemClock_Config) refers to stm32f4xx_hal_rcc.o(i.HAL_RCC_OscConfig) for HAL_RCC_OscConfig
    main.o(i.SystemClock_Config) refers to stm32f4xx_hal_rcc.o(i.HAL_RCC_ClockConfig) for HAL_RCC_ClockConfig
    main.o(i.generateFlatTopWindow) refers to cosf.o(i.__hardfp_cosf) for __hardfp_cosf
    main.o(i.main) refers to stm32f4xx_hal.o(i.HAL_Init) for HAL_Init
    main.o(i.main) refers to main.o(i.SystemClock_Config) for SystemClock_Config
    main.o(i.main) refers to gpio.o(i.MX_GPIO_Init) for MX_GPIO_Init
    main.o(i.main) refers to dma.o(i.MX_DMA_Init) for MX_DMA_Init
    main.o(i.main) refers to usart.o(i.MX_USART1_UART_Init) for MX_USART1_UART_Init
    main.o(i.main) refers to adc.o(i.MX_ADC1_Init) for MX_ADC1_Init
    main.o(i.main) refers to tim.o(i.MX_TIM3_Init) for MX_TIM3_Init
    main.o(i.main) refers to dac.o(i.MX_DAC_Init) for MX_DAC_Init
    main.o(i.main) refers to tim.o(i.MX_TIM2_Init) for MX_TIM2_Init
    main.o(i.main) refers to stm32f4xx_hal_tim.o(i.HAL_TIM_Base_Start) for HAL_TIM_Base_Start
    main.o(i.main) refers to stm32f4xx_hal_adc.o(i.HAL_ADC_Start_DMA) for HAL_ADC_Start_DMA
    main.o(i.main) refers to dfltui.o(.text) for __aeabi_ui2d
    main.o(i.main) refers to dmul.o(.text) for __aeabi_dmul
    main.o(i.main) refers to d2f.o(.text) for __aeabi_d2f
    main.o(i.main) refers to main.o(i.generateFlatTopWindow) for generateFlatTopWindow
    main.o(i.main) refers to arm_cfft_f32.o(.text) for arm_cfft_f32
    main.o(i.main) refers to arm_cmplx_mag_f32.o(.text) for arm_cmplx_mag_f32
    main.o(i.main) refers to arm_max_f32.o(.text) for arm_max_f32
    main.o(i.main) refers to f2d.o(.text) for __aeabi_f2d
    main.o(i.main) refers to floor.o(i.__hardfp_floor) for __hardfp_floor
    main.o(i.main) refers to dfixui.o(.text) for __aeabi_d2uiz
    main.o(i.main) refers to printfa.o(i.__0printf) for __2printf
    main.o(i.main) refers to malloc.o(i.malloc) for malloc
    main.o(i.main) refers to sin.o(i.__hardfp_sin) for __hardfp_sin
    main.o(i.main) refers to dadd.o(.text) for __aeabi_dadd
    main.o(i.main) refers to ddiv.o(.text) for __aeabi_ddiv
    main.o(i.main) refers to tim.o(.bss) for htim3
    main.o(i.main) refers to main.o(.bss) for .bss
    main.o(i.main) refers to adc.o(.bss) for hadc1
    main.o(i.main) refers to main.o(.data) for .data
    main.o(i.main) refers to arm_const_structs.o(.constdata) for arm_cfft_sR_f32_len1024
    main.o(i.main) refers to stm32f4xx_hal_dac.o(i.HAL_DAC_Start_DMA) for HAL_DAC_Start_DMA
    main.o(i.main) refers to stm32f4xx_hal_gpio.o(i.HAL_GPIO_TogglePin) for HAL_GPIO_TogglePin
    main.o(i.main) refers to stm32f4xx_hal.o(i.HAL_Delay) for HAL_Delay
    main.o(i.main) refers to dac.o(.bss) for hdac
    gpio.o(i.MX_GPIO_Init) refers to memseta.o(.text) for __aeabi_memclr4
    gpio.o(i.MX_GPIO_Init) refers to stm32f4xx_hal_gpio.o(i.HAL_GPIO_WritePin) for HAL_GPIO_WritePin
[...]
    .text                                    0x0800031c   Section       36  startup_stm32f407xx.o(.text)
    $v0                                      0x0800031c   Number         0  startup_stm32f407xx.o(.text)
    .text                                    0x08000340   Section        0  arm_cmplx_mag_f32.o(.text)
    .text                                    0x0800043c   Section        0  arm_cfft_f32.o(.text)
    .text                                    0x08000b60   Section        0  arm_max_f32.o(.text)
    .text                                    0x08000c38   Section        0  arm_cfft_radix8_f32.o(.text)
    .text                                    0x08001114   Section        0  uldiv.o(.text)
    .text                                    0x08001176   Section        0  memseta.o(.text)
    .text                                    0x0800119a   Section        0  dadd.o(.text)
    .text                                    0x080012e8   Section        0  dmul.o(.text)
    .text                                    0x080013cc   Section        0  ddiv.o(.text)
    .text                                    0x080014aa   Section        0  dfltui.o(.text)
    .text                                    0x080014c4   Section        0  dfixui.o(.text)
    .text                                    0x080014f6   Section        0  f2d.o(.text)
    .text                                    0x0800151c   Section        0  d2f.o(.text)
    .text                                    0x08001554   Section        0  uidiv.o(.text)
    .text                                    0x08001580   Section        0  llshl.o(.text)
    .text                                    0x0800159e   Section        0  llushr.o(.text)
    .text                                    0x080015be   Section        0  llsshr.o(.text)
    .text                                    0x080015e2   Section        0  iusefp.o(.text)
    .text                                    0x080015e2   Section        0  fepilogue.o(.text)
    .text                                    0x08001650   Section        0  depilogue.o(.text)
    .text                                    0x0800170a   Section        0  dfixul.o(.text)
    .text                                    0x0800173c   Section       48  cdrcmple.o(.text)
    .text                                    0x0800176c   Section       36  init.o(.text)
    .text                                    0x08001790   Section        0  dflti.o(.text)
    .text                                    0x080017b2   Section        0  dfixi.o(.text)
    i.ADC_DMAConvCplt                        0x080017f0   Section        0  stm32f4xx_hal_adc.o(i.ADC_DMAConvCplt)
    ADC_DMAConvCplt                          0x080017f1   Thumb Code   110  stm32f4xx_hal_adc.o(i.ADC_DMAConvCplt)
    i.ADC_DMAError                           0x0800185e   Section        0  stm32f4xx_hal_adc.o(i.ADC_DMAError)
    ADC_DMAError                             0x0800185f   Thumb Code    22  stm32f4xx_hal_adc.o(i.ADC_DMAError)
    i.ADC_DMAHalfConvCplt                    0x08001874   Section        0  stm32f4xx_hal_adc.o(i.ADC_DMAHalfConvCplt)
    ADC_DMAHalfConvCplt                      0x08001875   Thumb Code    10  stm32f4xx_hal_adc.o(i.ADC_DMAHalfConvCplt)
    i.ADC_Init                               0x08001880   Section        0  stm32f4xx_hal_adc.o(i.ADC_Init)
    ADC_Init                                 0x08001881   Thumb Code   284  stm32f4xx_hal_adc.o(i.ADC_Init)
    i.BusFault_Handler                       0x080019a8   Section        0  stm32f4xx_it.o(i.BusFault_Handler)
    i.DAC_DMAConvCpltCh1                     0x080019aa   Section        0  stm32f4xx_hal_dac.o(i.DAC_DMAConvCpltCh1)
    i.DAC_DMAConvCpltCh2                     0x080019ba   Section        0  stm32f4xx_hal_dac_ex.o(i.DAC_DMAConvCpltCh2)
    i.DAC_DMAErrorCh1                        0x080019ca   Section        0  stm32f4xx_hal_dac.o(i.DAC_DMAErrorCh1)
    i.DAC_DMAErrorCh2                        0x080019e2   Section        0  stm32f4xx_hal_dac_ex.o(i.DAC_DMAErrorCh2)
    i.DAC_DMAHalfConvCpltCh1                 0x080019fa   Section        0  stm32f4xx_hal_dac.o(i.DAC_DMAHalfConvCpltCh1)
    i.DAC_DMAHalfConvCpltCh2                 0x08001a04   Section        0  stm32f4xx_hal_dac_ex.o(i.DAC_DMAHalfConvCpltCh2)
    i.DMA1_Stream5_IRQHandler                0x08001a10   Section        0  stm32f4xx_it.o(i.DMA1_Stream5_IRQHandler)
    i.DMA1_Stream6_IRQHandler                0x08001a1c   Section        0  stm32f4xx_it.o(i.DMA1_Stream6_IRQHandler)
    i.DMA2_Stream0_IRQHandler                0x08001a28   Section        0  stm32f4xx_it.o(i.DMA2_Stream0_IRQHandler)
    i.DMA2_Stream7_IRQHandler                0x08001a40   Section        0  stm32f4xx_it.o(i.DMA2_Stream7_IRQHandler)
    i.DMA_CalcBaseAndBitshift                0x08001a4c   Section        0  stm32f4xx_hal_dma.o(i.DMA_CalcBaseAndBitshift)
    DMA_CalcBaseAndBitshift                  0x08001a4d   Thumb Code    34  stm32f4xx_hal_dma.o(i.DMA_CalcBaseAndBitshift)
    i.DMA_CheckFifoParam                     0x08001a74   Section        0  stm32f4xx_hal_dma.o(i.DMA_CheckFifoParam)
    DMA_CheckFifoParam                       0x08001a75   Thumb Code    84  stm32f4xx_hal_dma.o(i.DMA_CheckFifoParam)
    i.DMA_SetConfig                          0x08001ac8   Section        0  stm32f4xx_hal_dma.o(i.DMA_SetConfig)
    DMA_SetConfig                            0x08001ac9   Thumb Code    40  stm32f4xx_hal_dma.o(i.DMA_SetConfig)
    i.DebugMon_Handler                       0x08001af0   Section        0  stm32f4xx_it.o(i.DebugMon_Handler)
    i.EXTI0_IRQHandler                       0x08001af2   Section        0  stm32f4xx_it.o(i.EXTI0_IRQHandler)
    i.Error_Handler                          0x08001af8   Section        0  main.o(i.Error_Handler)
    i.HAL_ADC_ConfigChannel                  0x08001afc   Section        0  stm32f4xx_hal_adc.o(i.HAL_ADC_ConfigChannel)
    i.HAL_ADC_ConvCpltCallback               0x08001c48   Section        0  stm32f4xx_hal_adc.o(i.HAL_ADC_ConvCpltCallback)
    i.HAL_ADC_ConvHalfCpltCallback           0x08001c4a   Section        0  stm32f4xx_hal_adc.o(i.HAL_ADC_ConvHalfCpltCallback)
    i.HAL_ADC_ErrorCallback                  0x08001c4c   Section        0  stm32f4xx_hal_adc.o(i.HAL_ADC_ErrorCallback)
    i.HAL_ADC_Init                           0x08001c4e   Section        0  stm32f4xx_hal_adc.o(i.HAL_ADC_Init)
    i.HAL_ADC_MspInit                        0x08001ca4   Section        0  adc.o(i.HAL_ADC_MspInit)
    i.HAL_ADC_Start_DMA                      0x08001d3c   Section        0  stm32f4xx_hal_adc.o(i.HAL_ADC_Start_DMA)
    i.HAL_DACEx_ConvCpltCallbackCh2          0x08001e90   Section        0  stm32f4xx_hal_dac_ex.o(i.HAL_DACEx_ConvCpltCallbackCh2)
    i.HAL_DACEx_ConvHalfCpltCallbackCh2      0x08001e92   Section        0  stm32f4xx_hal_dac_ex.o(i.HAL_DACEx_ConvHalfCpltCallbackCh2)
    i.HAL_DACEx_ErrorCallbackCh2             0x08001e94   Section        0  stm32f4xx_hal_dac_ex.o(i.HAL_DACEx_ErrorCallbackCh2)
    i.HAL_DAC_ConfigChannel                  0x08001e96   Section        0  stm32f4xx_hal_dac.o(i.HAL_DAC_ConfigChannel)
    i.HAL_DAC_ConvCpltCallbackCh1            0x08001edc   Section        0  stm32f4xx_hal_dac.o(i.HAL_DAC_ConvCpltCallbackCh1)
    i.HAL_DAC_ConvHalfCpltCallbackCh1        0x08001ede   Section        0  stm32f4xx_hal_dac.o(i.HAL_DAC_ConvHalfCpltCallbackCh1)
    i.HAL_DAC_ErrorCallbackCh1               0x08001ee0   Section        0  stm32f4xx_hal_dac.o(i.HAL_DAC_ErrorCallbackCh1)
    i.HAL_DAC_Init                           0x08001ee2   Section        0  stm32f4xx_hal_dac.o(i.HAL_DAC_Init)
    i.HAL_DAC_MspInit                        0x08001f0c   Section        0  dac.o(i.HAL_DAC_MspInit)
    i.HAL_DAC_Start_DMA                      0x08001fe0   Section        0  stm32f4xx_hal_dac.o(i.HAL_DAC_Start_DMA)
    i.HAL_DMA_Abort                          0x080020f0   Section        0  stm32f4xx_hal_dma.o(i.HAL_DMA_Abort)
    i.HAL_DMA_Abort_IT                       0x0800217e   Section        0  stm32f4xx_hal_dma.o(i.HAL_DMA_Abort_IT)
    i.HAL_DMA_IRQHandler                     0x080021a4   Section        0  stm32f4xx_hal_dma.o(i.HAL_DMA_IRQHandler)
    i.HAL_DMA_Init                           0x08002344   Section        0  stm32f4xx_hal_dma.o(i.HAL_DMA_Init)
    i.HAL_DMA_Start_IT                       0x08002418   Section        0  stm32f4xx_hal_dma.o(i.HAL_DMA_Start_IT)
    i.HAL_Delay                              0x08002488   Section        0  stm32f4xx_hal.o(i.HAL_Delay)
    i.HAL_GPIO_EXTI_Callback                 0x080024ac   Section        0  stm32f4xx_it.o(i.HAL_GPIO_EXTI_Callback)
    i.HAL_GPIO_EXTI_IRQHandler               0x080024b0   Section        0  stm32f4xx_hal_gpio.o(i.HAL_GPIO_EXTI_IRQHandler)
    i.HAL_GPIO_Init                          0x080024c8   Section        0  stm32f4xx_hal_gpio.o(i.HAL_GPIO_Init)
    i.HAL_GPIO_TogglePin                     0x080026b4   Section        0  stm32f4xx_hal_gpio.o(i.HAL_GPIO_TogglePin)
    i.HAL_GPIO_WritePin                      0x080026c4   Section        0  stm32f4xx_hal_gpio.o(i.HAL_GPIO_WritePin)
    i.HAL_GetTick                            0x080026d0   Section        0  stm32f4xx_hal.o(i.HAL_GetTick)
    i.HAL_IncTick                            0x080026dc   Section        0  stm32f4xx_hal.o(i.HAL_IncTick)
    i.HAL_Init                               0x080026ec   Section        0  stm32f4xx_hal.o(i.HAL_Init)
    i.HAL_InitTick                           0x08002720   Section        0  stm32f4xx_hal.o(i.HAL_InitTick)
    i.HAL_MspInit                            0x08002760   Section        0  stm32f4xx_hal_msp.o(i.HAL_MspInit)
    i.HAL_NVIC_EnableIRQ                     0x08002798   Section        0  stm32f4xx_hal_cortex.o(i.HAL_NVIC_EnableIRQ)
    i.HAL_NVIC_SetPriority                   0x080027b4   Section        0  stm32f4xx_hal_cortex.o(i.HAL_NVIC_SetPriority)
    i.HAL_NVIC_SetPriorityGrouping           0x080027f4   Section        0  stm32f4xx_hal_cortex.o(i.HAL_NVIC_SetPriorityGrouping)
    i.HAL_RCC_ClockConfig                    0x08002818   Section        0  stm32f4xx_hal_rcc.o(i.HAL_RCC_ClockConfig)
    i.HAL_RCC_GetPCLK1Freq                   0x0800294c   Section        0  stm32f4xx_hal_rcc.o(i.HAL_RCC_GetPCLK1Freq)
    i.HAL_RCC_GetPCLK2Freq                   0x0800296c   Section        0  stm32f4xx_hal_rcc.o(i.HAL_RCC_GetPCLK2Freq)
    i.HAL_RCC_GetSysClockFreq                0x0800298c   Section        0  stm32f4xx_hal_rcc.o(i.HAL_RCC_GetSysClockFreq)
    i.HAL_RCC_OscConfig                      0x080029ec   Section        0  stm32f4xx_hal_rcc.o(i.HAL_RCC_OscConfig)
    i.HAL_SYSTICK_Config                     0x08002d58   Section        0  stm32f4xx_hal_cortex.o(i.HAL_SYSTICK_Config)
    i.HAL_TIMEx_MasterConfigSynchronization  0x08002d80   Section        0  stm32f4xx_hal_tim_ex.o(i.HAL_TIMEx_MasterConfigSynchronization)
    i.HAL_TIM_Base_Init                      0x08002e10   Section        0  stm32f4xx_hal_tim.o(i.HAL_TIM_Base_Init)
    i.HAL_TIM_Base_MspInit                   0x08002e6c   Section        0  tim.o(i.HAL_TIM_Base_MspInit)
    i.HAL_TIM_Base_Start                     0x08002ea8   Section        0  stm32f4xx_hal_tim.o(i.HAL_TIM_Base_Start)
    i.HAL_TIM_ConfigClockSource              0x08002f20   Section        0  stm32f4xx_hal_tim.o(i.HAL_TIM_ConfigClockSource)
    i.HAL_UARTEx_RxEventCallback             0x08002ff6   Section        0  stm32f4xx_hal_uart.o(i.HAL_UARTEx_RxEventCallback)
    i.HAL_UART_ErrorCallback                 0x08002ff8   Section        0  stm32f4xx_hal_uart.o(i.HAL_UART_ErrorCallback)
    i.HAL_UART_IRQHandler                    0x08002ffc   Section        0  stm32f4xx_hal_uart.o(i.HAL_UART_IRQHandler)
    i.HAL_UART_Init                          0x0800320c   Section        0  stm32f4xx_hal_uart.o(i.HAL_UART_Init)
    i.HAL_UART_MspInit                       0x08003270   Section        0  usart.o(i.HAL_UART_MspInit)
    i.HAL_UART_RxCpltCallback                0x08003324   Section        0  stm32f4xx_hal_uart.o(i.HAL_UART_RxCpltCallback)
    i.HAL_UART_TxCpltCallback                0x08003326   Section        0  stm32f4xx_hal_uart.o(i.HAL_UART_TxCpltCallback)
    i.HardFault_Handler                      0x08003328   Section        0  stm32f4xx_it.o(i.HardFault_Handler)
    i.MX_ADC1_Init                           0x0800332c   Section        0  adc.o(i.MX_ADC1_Init)
    i.MX_DAC_Init                            0x08003390   Section        0  dac.o(i.MX_DAC_Init)
    i.MX_DMA_Init                            0x080033e0   Section        0  dma.o(i.MX_DMA_Init)
    i.MX_GPIO_Init                           0x0800344c   Section        0  gpio.o(i.MX_GPIO_Init)
    i.MX_TIM2_Init                           0x080035b8   Section        0  tim.o(i.MX_TIM2_Init)
    i.MX_TIM3_Init                           0x0800361c   Section        0  tim.o(i.MX_TIM3_Init)
    i.MX_USART1_UART_Init                    0x08003684   Section        0  usart.o(i.MX_USART1_UART_Init)
    i.MemManage_Handler                      0x080036bc   Section        0  stm32f4xx_it.o(i.MemManage_Handler)
    i.NMI_Handler                            0x080036be   Section        0  stm32f4xx_it.o(i.NMI_Handler)
    i.SysTick_Handler                        0x080036c0   Section        0  stm32f4xx_it.o(i.SysTick_Handler)
    i.SystemClock_Config                     0x080036d8   Section        0  main.o(i.SystemClock_Config)
    i.SystemInit                             0x0800376c   Section        0  system_stm32f4xx.o(i.SystemInit)
    i.TIM_Base_SetConfig                     0x0800377c   Section        0  stm32f4xx_hal_tim.o(i.TIM_Base_SetConfig)
    i.TIM_ETR_SetConfig                      0x08003844   Section        0  stm32f4xx_hal_tim.o(i.TIM_ETR_SetConfig)
    i.TIM_ITRx_SetConfig                     0x08003858   Section        0  stm32f4xx_hal_tim.o(i.TIM_ITRx_SetConfig)
    TIM_ITRx_SetConfig                       0x08003859   Thumb Code    16  stm32f4xx_hal_tim.o(i.TIM_ITRx_SetConfig)
    i.TIM_TI1_ConfigInputStage               0x08003868   Section        0  stm32f4xx_hal_tim.o(i.TIM_TI1_ConfigInputStage)
    TIM_TI1_ConfigInputStage                 0x08003869   Thumb Code    34  stm32f4xx_hal_tim.o(i.TIM_TI1_ConfigInputStage)
    i.TIM_TI2_ConfigInputStage               0x0800388a   Section        0  stm32f4xx_hal_tim.o(i.TIM_TI2_ConfigInputStage)
    TIM_TI2_ConfigInputStage                 0x0800388b   Thumb Code    36  stm32f4xx_hal_tim.o(i.TIM_TI2_ConfigInputStage)
    i.UART_DMAAbortOnError                   0x080038ae   Section        0  stm32f4xx_hal_uart.o(i.UART_DMAAbortOnError)
    UART_DMAAbortOnError                     0x080038af   Thumb Code    16  stm32f4xx_hal_uart.o(i.UART_DMAAbortOnError)
    i.UART_EndRxTransfer                     0x080038be   Section        0  stm32f4xx_hal_uart.o(i.UART_EndRxTransfer)
    UART_EndRxTransfer                       0x080038bf   Thumb Code    48  stm32f4xx_hal_uart.o(i.UART_EndRxTransfer)
    i.UART_Receive_IT                        0x080038ee   Section        0  stm32f4xx_hal_uart.o(i.UART_Receive_IT)
    UART_Receive_IT                          0x080038ef   Thumb Code   174  stm32f4xx_hal_uart.o(i.UART_Receive_IT)
    i.UART_SetConfig                         0x0800399c   Section        0  stm32f4xx_hal_uart.o(i.UART_SetConfig)
    UART_SetConfig                           0x0800399d   Thumb Code   258  stm32f4xx_hal_uart.o(i.UART_SetConfig)
    i.USART1_IRQHandler                      0x08003aa8   Section        0  stm32f4xx_it.o(i.USART1_IRQHandler)
    i.UsageFault_Handler                     0x08003ab4   Section        0  stm32f4xx_it.o(i.UsageFault_Handler)
    i.__0printf                              0x08003ab8   Section        0  printfa.o(i.__0printf)
    i.__ARM_fpclassify                       0x08003ad8   Section        0  fpclassify.o(i.__ARM_fpclassify)
    i.__NVIC_SetPriority                     0x08003b08   Section        0  stm32f4xx_hal_cortex.o(i.__NVIC_SetPriority)
    __NVIC_SetPriority                       0x08003b09   Thumb Code    32  stm32f4xx_hal_cortex.o(i.__NVIC_SetPriority)
    i.__hardfp_cosf                          0x08003b28   Section        0  cosf.o(i.__hardfp_cosf)
    i.__hardfp_floor                         0x08003c78   Section        0  floor.o(i.__hardfp_floor)
    i.__hardfp_sin                           0x08003d90   Section        0  sin.o(i.__hardfp_sin)
    i.__ieee754_rem_pio2                     0x08003e58   Section        0  rred.o(i.__ieee754_rem_pio2)
    i.__kernel_cos                           0x08004290   Section        0  cos_i.o(i.__kernel_cos)
    i.__kernel_poly                          0x08004400   Section        0  poly.o(i.__kernel_poly)
    i.__kernel_sin                           0x080044f8   Section        0  sin_i.o(i.__kernel_sin)
    i.__mathlib_dbl_infnan                   0x08004628   Section        0  dunder.o(i.__mathlib_dbl_infnan)
    i.__mathlib_dbl_invalid                  0x08004640   Section        0  dunder.o(i.__mathlib_dbl_invalid)
    i.__mathlib_dbl_underflow                0x08004660   Section        0  dunder.o(i.__mathlib_dbl_underflow)
    i.__mathlib_flt_infnan                   0x08004680   Section        0  funder.o(i.__mathlib_flt_infnan)
    i.__mathlib_flt_invalid                  0x08004688   Section        0  funder.o(i.__mathlib_flt_invalid)
    i.__mathlib_rredf2                       0x08004698   Section        0  rredf.o(i.__mathlib_rredf2)
    i.__scatterload_copy                     0x080047ec   Section       14  handlers.o(i.__scatterload_copy)
    i.__scatterload_null                     0x080047fa   Section        2  handlers.o(i.__scatterload_null)
    i.__scatterload_zeroinit                 0x080047fc   Section       14  handlers.o(i.__scatterload_zeroinit)
    i.__set_errno                            0x0800480c   Section        0  errno.o(i.__set_errno)
    i._fp_digits                             0x08004818   Section        0  printfa.o(i._fp_digits)
    _fp_digits                               0x08004819   Thumb Code   334  printfa.o(i._fp_digits)
    i._printf_core                           0x0800497c   Section        0  printfa.o(i._printf_core)
    _printf_core                             0x0800497d   Thumb Code  1744  printfa.o(i._printf_core)
    i._printf_post_padding                   0x08005058   Section        0  printfa.o(i._printf_post_padding)
    _printf_post_padding                     0x08005059   Thumb Code    36  printfa.o(i._printf_post_padding)
    i._printf_pre_padding                    0x0800507c   Section        0  printfa.o(i._printf_pre_padding)
    _printf_pre_padding                      0x0800507d   Thumb Code    46  printfa.o(i._printf_pre_padding)
    i.fabs                                   0x080050aa   Section        0  fabs.o(i.fabs)
    i.fputc                                  0x080050c4   Section        0  usart.o(i.fputc)
    i.generateFlatTopWindow                  0x080050d8   Section        0  main.o(i.generateFlatTopWindow)
    i.main                                   0x08005188   Section        0  main.o(i.main)
    i.malloc                                 0x08005670   Section        0  malloc.o(i.malloc)
    i.prvResetNextTaskUnblockTime            0x080056dc   Section        0  tasks.o(i.prvResetNextTaskUnblockTime)
    prvResetNextTaskUnblockTime              0x080056dd   Thumb Code    26  tasks.o(i.prvResetNextTaskUnblockTime)
    i.uxListRemove                           0x080056fc   Section        0  list.o(i.uxListRemove)
    i.vListInsertEnd                         0x08005722   Section        0  list.o(i.vListInsertEnd)
    i.vTaskSwitchContext                     0x0800573c   Section        0  tasks.o(i.vTaskSwitchContext)
    i.xPortSysTickHandler                    0x08005798   Section        0  port.o(i.xPortSysTickHandler)
    i.xTaskGetSchedulerState                 0x080057c4   Section        0  tasks.o(i.xTaskGetSchedulerState)
    i.xTaskIncrementTick                     0x080057e0   Section        0  tasks.o(i.xTaskIncrementTick)
    .constdata                               0x080058ac   Section        8  stm32f4xx_hal_dma.o(.constdata)
    flagBitshiftOffset                       0x080058ac   Data           8  stm32f4xx_hal_dma.o(.constdata)
    .constdata                               0x080058b4   Section       16  system_stm32f4xx.o(.constdata)
    .constdata                               0x080058c4   Section        8  system_stm32f4xx.o(.constdata)
    .constdata                               0x080058cc   Section       16  arm_const_structs.o(.constdata)
    .constdata                               0x080058dc   Section     8192  arm_common_tables.o(.constdata)
    .constdata                               0x080078dc   Section     3600  arm_common_tables.o(.constdata)
    .constdata                               0x080086f0   Section       48  cos_i.o(.constdata)
    C                                        0x080086f0   Data          48  cos_i.o(.constdata)
    .constdata                               0x08008720   Section      200  rred.o(.constdata)
    pio2s                                    0x08008720   Data          48  rred.o(.constdata)
    twooverpi                                0x08008750   Data         152  rred.o(.constdata)
    .constdata                               0x080087e8   Section       32  rredf.o(.constdata)
    twooverpi                                0x080087e8   Data          32  rredf.o(.constdata)
    .constdata                               0x08008808   Section       40  sin_i.o(.constdata)
    S                                        0x08008808   Data          40  sin_i.o(.constdata)
    .data                                    0x20000000   Section       40  main.o(.data)
    .data                                    0x20000028   Section        4  usart.o(.data)
    .data                                    0x2000002c   Section       12  stm32f4xx_hal.o(.data)
    .data                                    0x20000038   Section        4  system_stm32f4xx.o(.data)
    .data                                    0x2000003c   Section       60  tasks.o(.data)
    uxDeletedTasksWaitingCleanUp             0x20000040   Data           4  tasks.o(.data)
    uxCurrentNumberOfTasks                   0x20000044   Data           4  tasks.o(.data)
    xTickCount                               0x20000048   Data           4  tasks.o(.data)
    uxTopReadyPriority                       0x2000004c   Data           4  tasks.o(.data)
    xSchedulerRunning                        0x20000050   Data           4  tasks.o(.data)
    xPendedTicks                             0x20000054   Data           4  tasks.o(.data)
    xYieldPending                            0x20000058   Data           4  tasks.o(.data)
    xNumOfOverflows                          0x2000005c   Data           4  tasks.o(.data)
    uxTaskNumber                             0x20000060   Data           4  tasks.o(.data)
    xNextTaskUnblockTime                     0x20000064   Data           4  tasks.o(.data)
    xIdleTaskHandle                          0x20000068   Data           4  tasks.o(.data)
    uxSchedulerSuspended                     0x2000006c   Data           4  tasks.o(.data)
    pxDelayedTaskList                        0x20000070   Data           4  tasks.o(.data)
    pxOverflowDelayedTaskList                0x20000074   Data           4  tasks.o(.data)
    .data                                    0x20000078   Section        4  mvars.o(.data)
    .data                                    0x2000007c   Section        4  mvars.o(.data)
    .data                                    0x20000080   Section        4  errno.o(.data)
    _errno                                   0x20000080   Data           4  errno.o(.data)
    .bss                                     0x20000084   Section    22528  main.o(.bss)
    .bss                                     0x20005884   Section      168  adc.o(.bss)
    .bss                                     0x2000592c   Section      212  dac.o(.bss)
    .bss                                     0x20005a00   Section      144  tim.o(.bss)
    .bss                                     0x20005a90   Section      164  usart.o(.bss)
    .bss                                     0x20005b34   Section      240  tasks.o(.bss)
    pxReadyTasksLists                        0x20005b34   Data         140  tasks.o(.bss)
    xDelayedTaskList1                        0x20005bc0   Data          20  tasks.o(.bss)
    xDelayedTaskList2                        0x20005bd4   Data          20  tasks.o(.bss)
    xPendingReadyList                        0x20005be8   Data          20  tasks.o(.bss)
    xTasksWaitingTermination                 0x20005bfc   Data          20  tasks.o(.bss)
    xSuspendedTaskList                       0x20005c10   Data          20  tasks.o(.bss)
    HEAP                                     0x20005c28   Section     1024  startup_stm32f407xx.o(HEAP)
    STACK                                    0x20006028   Section     1536  startup_stm32f407xx.o(STACK)

    Global Symbols

    Symbol Name                              Value     Ov Type        Size  Object(Section)

    BuildAttributes$$THM_ISAv4$E$P$D$K$B$S$7EM$VFPi3$EXTD16$VFPS$VFMA$PE$A:L22UL41UL21$X:L11$S22US41US21$IEEE1$IW$USESV6$~STKCKD$USESV7$~SHL$OTIME$ROPI$IEEEX$EBA8$MICROLIB$REQ8$PRES8$EABIv2 0x00000000   Number         0  anon$$obj.o ABSOLUTE
    __ARM_use_no_argv                        0x00000000   Number         0  main.o ABSOLUTE
    __use_no_errno                           0x00000000   Number         0  useno.o ABSOLUTE
    __use_no_exception_handling              0x00000000   Number         0  useno.o ABSOLUTE
    __use_no_fp                              0x00000000   Number         0  useno.o ABSOLUTE
    __use_no_heap                            0x00000000   Number         0  useno.o ABSOLUTE
    __use_no_heap_region                     0x00000000   Number         0  useno.o ABSOLUTE
    __use_no_semihosting                     0x00000000   Number         0  useno.o ABSOLUTE
    __use_no_semihosting_swi                 0x00000000   Number         0  useno.o ABSOLUTE
    __use_no_signal_handling                 0x00000000   Number         0  useno.o ABSOLUTE
    _printf_a                                0x00000000   Number         0  stubs.o ABSOLUTE
    _printf_c                                0x00000000   Number         0  stubs.o ABSOLUTE
    _printf_charcount                        0x00000000   Number         0  stubs.o ABSOLUTE
    _printf_d                                0x00000000   Number         0  stubs.o ABSOLUTE
    _printf_e                                0x00000000   Number         0  stubs.o ABSOLUTE
    _printf_f                                0x00000000   Number         0  stubs.o ABSOLUTE
    _printf_flags                            0x00000000   Number         0  stubs.o ABSOLUTE
    _printf_fp_dec                           0x00000000   Number         0  stubs.o ABSOLUTE
    _printf_fp_hex                           0x00000000   Number         0  stubs.o ABSOLUTE
    _printf_g                                0x00000000   Number         0  stubs.o ABSOLUTE
    _printf_i                                0x00000000   Number         0  stubs.o ABSOLUTE
    _printf_int_dec                          0x00000000   Number         0  stubs.o ABSOLUTE
    _printf_l                                0x00000000   Number         0  stubs.o ABSOLUTE
    _printf_lc                               0x00000000   Number         0  stubs.o ABSOLUTE
    _printf_ll                               0x00000000   Number         0  stubs.o ABSOLUTE
    _printf_lld                              0x00000000   Number         0  stubs.o ABSOLUTE
    _printf_lli                              0x00000000   Number         0  stubs.o ABSOLUTE
    _printf_llo                              0x00000000   Number         0  stubs.o ABSOLUTE
    _printf_llu                              0x00000000   Number         0  stubs.o ABSOLUTE
    _printf_llx                              0x00000000   Number         0  stubs.o ABSOLUTE
    _printf_longlong_dec                     0x00000000   Number         0  stubs.o ABSOLUTE
    _printf_longlong_hex                     0x00000000   Number         0  stubs.o ABSOLUTE
    _printf_longlong_oct                     0x00000000   Number         0  stubs.o ABSOLUTE
    _printf_ls                               0x00000000   Number         0  stubs.o ABSOLUTE
    _printf_mbtowc                           0x00000000   Number         0  stubs.o ABSOLUTE
    _printf_n                                0x00000000   Number         0  stubs.o ABSOLUTE
    _printf_o                                0x00000000   Number         0  stubs.o ABSOLUTE
    _printf_p                                0x00000000   Number         0  stubs.o ABSOLUTE
    _printf_percent                          0x00000000   Number         0  stubs.o ABSOLUTE
    _printf_pre_padding                      0x00000000   Number         0  stubs.o ABSOLUTE
    _printf_return_value                     0x00000000   Number         0  stubs.o ABSOLUTE
    _printf_s                                0x00000000   Number         0  stubs.o ABSOLUTE
    _printf_sizespec                         0x00000000   Number         0  stubs.o ABSOLUTE
    _printf_str                              0x00000000   Number         0  stubs.o ABSOLUTE
    _printf_truncate_signed                  0x00000000   Number         0  stubs.o ABSOLUTE
    _printf_truncate_unsigned                0x00000000   Number         0  stubs.o ABSOLUTE
    _printf_u                                0x00000000   Number         0  stubs.o ABSOLUTE
    _printf_wc                               0x00000000   Number         0  stubs.o ABSOLUTE
    _printf_wctomb                           0x00000000   Number         0  stubs.o ABSOLUTE
    _printf_widthprec                        0x00000000   Number         0  stubs.o ABSOLUTE
    _printf_x                                0x00000000   Number         0  stubs.o ABSOLUTE
    __cpp_initialize__aeabi_                  - Undefined Weak Reference
    __cxa_finalize                            - Undefined Weak Reference
    __decompress                              - Undefined Weak Reference
    _clock_init                               - Undefined Weak Reference
    _microlib_exit                            - Undefined Weak Reference
    __Vectors_Size                           0x00000188   Number         0  startup_stm32f407xx.o ABSOLUTE
    __Vectors                                0x08000000   Data           4  startup_stm32f407xx.o(RESET)
    __Vectors_End                            0x08000188   Data           0  startup_stm32f407xx.o(RESET)
    arm_bitreversal_32                       0x08000189   Thumb Code   106  arm_bitreversal2.o(. text)
    arm_bitreversal_16                       0x080001f3   Thumb Code    86  arm_bitreversal2.o(. text)
    __main                                   0x08000249   Thumb Code     0  entry.o(.ARM.Collect$$$$00000000)
    _main_stk                                0x08000249   Thumb Code     0  entry2.o(.ARM.Collect$$$$00000001)
    _main_scatterload                        0x0800024d   Thumb Code     0  entry5.o(.ARM.Collect$$$$00000004)
    __main_after_scatterload                 0x08000251   Thumb Code     0  entry5.o(.ARM.Collect$$$$00000004)
    _main_clock                              0x08000251   Thumb Code     0  entry7b.o(.ARM.Collect$$$$00000008)
    _main_cpp_init                           0x08000251   Thumb Code     0  entry8b.o(.ARM.Collect$$$$0000000A)
    _main_init                               0x08000251   Thumb Code     0  entry9a.o(.ARM.Collect$$$$0000000B)
    __rt_final_cpp                           0x08000259   Thumb Code     0  entry10a.o(.ARM.Collect$$$$0000000D)
    __rt_final_exit                          0x08000259   Thumb Code     0  entry11a.o(.ARM.Collect$$$$0000000F)
    SVC_Handler                              0x0800025d   Thumb Code    28  port.o(.emb_text)
    __asm___6_port_c_39a90d8d__prvStartFirstTask 0x0800027d   Thumb Code    36  port.o(.emb_text)
    __asm___6_port_c_39a90d8d__prvEnableVFP  0x080002a5   Thumb Code    16  port.o(.emb_text)
    PendSV_Handler                           0x080002b9   Thumb Code    88  port.o(.emb_text)
    vPortGetIPSR                             0x08000315   Thumb Code     6  port.o(.emb_text)
    Reset_Handler                            0x0800031d   Thumb Code     8  startup_stm32f407xx.o(.text)
    ADC_IRQHandler                           0x08000337   Thumb Code     0  startup_stm32f407xx.o(.text)
    CAN1_RX0_IRQHandler                      0x08000337   Thumb Code     0  startup_stm32f407xx.o(.text)
    CAN1_RX1_IRQHandler                      0x08000337   Thumb Code     0  startup_stm32f407xx.o(.text)
    CAN1_SCE_IRQHandler                      0x08000337   Thumb Code     0  startup_stm32f407xx.o(.text)
    CAN1_TX_IRQHandler                       0x08000337   Thumb Code     0  startup_stm32f407xx.o(.text)
    CAN2_RX0_IRQHandler                      0x08000337   Thumb Code     0  startup_stm32f407xx.o(.text)
    CAN2_RX1_IRQHandler                      0x08000337   Thumb Code     0  startup_stm32f407xx.o(.text)
    CAN2_SCE_IRQHandler                      0x08000337   Thumb Code     0  startup_stm32f407xx.o(.text)
    CAN2_TX_IRQHandler                       0x08000337   Thumb Code     0  startup_stm32f407xx.o(.text)
    DCMI_IRQHandler                          0x08000337   Thumb Code     0  startup_stm32f407xx.o(.text)
    DMA1_Stream0_IRQHandler                  0x08000337   Thumb Code     0  startup_stm32f407xx.o(.text)
    DMA1_Stream1_IRQHandler                  0x08000337   Thumb Code     0  startup_stm32f407xx.o(.text)
    DMA1_Stream2_IRQHandler                  0x08000337   Thumb Code     0  startup_stm32f407xx.o(.text)
    DMA1_Stream3_IRQHandler                  0x08000337   Thumb Code     0  startup_stm32f407xx.o(.text)
    DMA1_Stream4_IRQHandler                  0x08000337   Thumb Code     0  startup_stm32f407xx.o(.text)
    DMA1_Stream7_IRQHandler                  0x08000337   Thumb Code     0  startup_stm32f407xx.o(.text)
    DMA2_Stream1_IRQHandler                  0x08000337   Thumb Code     0  startup_stm32f407xx.o(.text)
    DMA2_Stream2_IRQHandler                  0x08000337   Thumb Code     0  startup_stm32f407xx.o(.text)
    DMA2_Stream3_IRQHandler                  0x08000337   Thumb Code     0  startup_stm32f407xx.o(.text)
    DMA2_Stream4_IRQHandler                  0x08000337   Thumb Code     0  startup_stm32f407xx.o(.text)
    DMA2_Stream5_IRQHandler                  0x08000337   Thumb Code     0  startup_stm32f407xx.o(.text)
    DMA2_Stream6_IRQHandler                  0x08000337   Thumb Code     0  startup_stm32f407xx.o(.text)
    ETH_IRQHandler                           0x08000337   Thumb Code     0  startup_stm32f407xx.o(.text)
    ETH_WKUP_IRQHandler                      0x08000337   Thumb Code     0  startup_stm32f407xx.o(.text)
    EXTI15_10_IRQHandler                     0x08000337   Thumb Code     0  startup_stm32f407xx.o(.text)
    EXTI1_IRQHandler                         0x08000337   Thumb Code     0  startup_stm32f407xx.o(.text)
    EXTI2_IRQHandler                         0x08000337   Thumb Code     0  startup_stm32f407xx.o(.text)
    EXTI3_IRQHandler                         0x08000337   Thumb Code     0  startup_stm32f407xx.o(.text)
    EXTI4_IRQHandler                         0x08000337   Thumb Code     0  startup_stm32f407xx.o(.text)
    EXTI9_5_IRQHandler                       0x08000337   Thumb Code     0  startup_stm32f407xx.o(.text)
    FLASH_IRQHandler                         0x08000337   Thumb Code     0  startup_stm32f407xx.o(.text)
    FMC_IRQHandler                           0x08000337   Thumb Code     0  startup_stm32f407xx.o(.text)
    FPU_IRQHandler                           0x08000337   Thumb Code     0  startup_stm32f407xx.o(.text)
    HASH_RNG_IRQHandler                      0x08000337   Thumb Code     0  startup_stm32f407xx.o(.text)
    I2C1_ER_IRQHandler                       0x08000337   Thumb Code     0  startup_stm32f407xx.o(.text)
    I2C1_EV_IRQHandler                       0x08000337   Thumb Code     0  startup_stm32f407xx.o(.text)
    I2C2_ER_IRQHandler                       0x08000337   Thumb Code     0  startup_stm32f407xx.o(.text)
    I2C2_EV_IRQHandler                       0x08000337   Thumb Code     0  startup_stm32f407xx.o(.text)
    I2C3_ER_IRQHandler                       0x08000337   Thumb Code     0  startup_stm32f407xx.o(.text)
    I2C3_EV_IRQHandler                       0x08000337   Thumb Code     0  startup_stm32f407xx.o(.text)
    OTG_FS_IRQHandler                        0x08000337   Thumb Code     0  startup_stm32f407xx.o(.text)
    OTG_FS_WKUP_IRQHandler                   0x08000337   Thumb Code     0  startup_stm32f407xx.o(.text)
    OTG_HS_EP1_IN_IRQHandler                 0x08000337   Thumb Code     0  startup_stm32f407xx.o(.text)
    OTG_HS_EP1_OUT_IRQHandler                0x08000337   Thumb Code     0  startup_stm32f407xx.o(.text)
    OTG_HS_IRQHandler                        0x08000337   Thumb Code     0  startup_stm32f407xx.o(.text)
    OTG_HS_WKUP_IRQHandler                   0x08000337   Thumb Code     0  startup_stm32f407xx.o(.text)
    PVD_IRQHandler                           0x08000337   Thumb Code     0  startup_stm32f407xx.o(.text)
    RCC_IRQHandler                           0x08000337   Thumb Code     0  startup_stm32f407xx.o(.text)
    RTC_Alarm_IRQHandler                     0x08000337   Thumb Code     0  startup_stm32f407xx.o(.text)
    RTC_WKUP_IRQHandler                      0x08000337   Thumb Code     0  startup_stm32f407xx.o(.text)
    SDIO_IRQHandler                          0x08000337   Thumb Code     0  startup_stm32f407xx.o(.text)
    SPI1_IRQHandler                          0x08000337   Thumb Code     0  startup_stm32f407xx.o(.text)
    SPI2_IRQHandler                          0x08000337   Thumb Code     0  startup_stm32f407xx.o(.text)
    SPI3_IRQHandler                          0x08000337   Thumb Code     0  startup_stm32f407xx.o(.text)
    TAMP_STAMP_IRQHandler                    0x08000337   Thumb Code     0  startup_stm32f407xx.o(.text)
    TIM1_BRK_TIM9_IRQHandler                 0x08000337   Thumb Code     0  startup_stm32f407xx.o(.text)
    TIM1_CC_IRQHandler                       0x08000337   Thumb Code     0  startup_stm32f407xx.o(.text)
    TIM1_TRG_COM_TIM11_IRQHandler            0x08000337   Thumb Code     0  startup_stm32f407xx.o(.text)
    TIM1_UP_TIM10_IRQHandler                 0x08000337   Thumb Code     0  startup_stm32f407xx.o(.text)
    TIM2_IRQHandler                          0x08000337   Thumb Code     0  startup_stm32f407xx.o(.text)
    TIM3_IRQHandler                          0x08000337   Thumb Code     0  startup_stm32f407xx.o(.text)
    TIM4_IRQHandler                          0x08000337   Thumb Code     0  startup_stm32f407xx.o(.text)
    TIM5_IRQHandler                          0x08000337   Thumb Code     0  startup_stm32f407xx.o(.text)
    TIM6_DAC_IRQHandler                      0x08000337   Thumb Code     0  startup_stm32f407xx.o(.text)
    TIM7_IRQHandler                          0x08000337   Thumb Code     0  startup_stm32f407xx.o(.text)
    TIM8_BRK_TIM12_IRQHandler                0x08000337   Thumb Code     0  startup_stm32f407xx.o(.text)
    TIM8_CC_IRQHandler                       0x08000337   Thumb Code     0  startup_stm32f407xx.o(.text)
    TIM8_TRG_COM_TIM14_IRQHandler            0x08000337   Thumb Code     0  startup_stm32f407xx.o(.text)
    TIM8_UP_TIM13_IRQHandler                 0x08000337   Thumb Code     0  startup_stm32f407xx.o(.text)
    UART4_IRQHandler                         0x08000337   Thumb Code     0  startup_stm32f407xx.o(.text)
    UART5_IRQHandler                         0x08000337   Thumb Code     0  startup_stm32f407xx.o(.text)
    USART2_IRQHandler                        0x08000337   Thumb Code     0  startup_stm32f407xx.o(.text)
    USART3_IRQHandler                        0x08000337   Thumb Code     0  startup_stm32f407xx.o(.text)
    USART6_IRQHandler                        0x08000337   Thumb Code     0  startup_stm32f407xx.o(.text)
    WWDG_IRQHandler                          0x08000337   Thumb Code     0  startup_stm32f407xx.o(.text)
    arm_cmplx_mag_f32                        0x08000341   Thumb Code   246  arm_cmplx_mag_f32.o(.text)
    arm_cfft_radix8by2_f32                   0x0800043d   Thumb Code   398  arm_cfft_f32.o(.text)
    arm_cfft_radix8by4_f32                   0x080005cb   Thumb Code  1098  arm_cfft_f32.o(.text)
    arm_cfft_f32                             0x08000a15   Thumb Code   330  arm_cfft_f32.o(.text)
    arm_max_f32                              0x08000b61   Thumb Code   216  arm_max_f32.o(.text)
    arm_radix8_butterfly_f32                 0x08000c39   Thumb Code  1244  arm_cfft_radix8_f32.o(.text)
    __aeabi_uldivmod                         0x08001115   Thumb Code    98  uldiv.o(.text)
    __aeabi_memset                           0x08001177   Thumb Code    14  memseta.o(.text)
    __aeabi_memset4                          0x08001177   Thumb Code     0  memseta.o(.text)
    __aeabi_memset8                          0x08001177   Thumb Code     0  memseta.o(.text)
    __aeabi_memclr                           0x08001185   Thumb Code     4  memseta.o(.text)
    __aeabi_memclr4                          0x08001185   Thumb Code     0  memseta.o(.text)
    __aeabi_memclr8                          0x08001185   Thumb Code     0  memseta.o(.text)
    memset                                   0x08001189   Thumb Code    18  memseta.o(.text)
    __aeabi_dadd                             0x0800119b   Thumb Code   322  dadd.o(.text)
    __aeabi_dsub                             0x080012dd   Thumb Code     6  dadd.o(.text)
    __aeabi_drsub                            0x080012e3   Thumb Code     6  dadd.o(.text)
    __aeabi_dmul                             0x080012e9   Thumb Code   228  dmul.o(.text)
    __aeabi_ddiv                             0x080013cd   Thumb Code   222  ddiv.o(.text)
    __aeabi_ui2d                             0x080014ab   Thumb Code    26  dfltui.o(.text)
    __aeabi_d2uiz                            0x080014c5   Thumb Code    50  dfixui.o(.text)
    __aeabi_f2d                              0x080014f7   Thumb Code    38  f2d.o(.text)
    __aeabi_d2f                              0x0800151d   Thumb Code    56  d2f.o(.text)
    __aeabi_uidiv                            0x08001555   Thumb Code     0  uidiv.o(.text)
    __aeabi_uidivmod                         0x08001555   Thumb Code    44  uidiv.o(.text)
    __aeabi_llsl                             0x08001581   Thumb Code    30  llshl.o(.text)
    _ll_shift_l                              0x08001581   Thumb Code     0  llshl.o(.text)
    __aeabi_llsr                             0x0800159f   Thumb Code    32  llushr.o(.text)
    _ll_ushift_r                             0x0800159f   Thumb Code     0  llushr.o(.text)
    __aeabi_lasr                             0x080015bf   Thumb Code    36  llsshr.o(.text)
    _ll_sshift_r                             0x080015bf   Thumb Code     0  llsshr.o(.text)
    __I$use$fp                               0x080015e3   Thumb Code     0  iusefp.o(.text)
    _float_round                             0x080015e3   Thumb Code    18  fepilogue.o(.text)
    _float_epilogue                          0x080015f5   Thumb Code    92  fepilogue.o(.text)
    _double_round                            0x08001651   Thumb Code    30  depilogue.o(.text)
    _double_epilogue                         0x0800166f   Thumb Code   156  depilogue.o(.text)
    __aeabi_d2ulz                            0x0800170b   Thumb Code    48  dfixul.o(.text)
    __aeabi_cdrcmple                         0x0800173d   Thumb Code    48  cdrcmple.o(.text)
    __scatterload                            0x0800176d   Thumb Code    28  init.o(.text)
    __scatterload_rt2                        0x0800176d   Thumb Code     0  init.o(.text)
    __aeabi_i2d                              0x08001791   Thumb Code    34  dflti.o(.text)
    __aeabi_d2iz                             0x080017b3   Thumb Code    62  dfixi.o(.text)
    BusFault_Handler                         0x080019a9   Thumb Code     2  stm32f4xx_it.o(i.BusFault_Handler)
    DAC_DMAConvCpltCh1                       0x080019ab   Thumb Code    16  stm32f4xx_hal_dac.o(i.DAC_DMAConvCpltCh1)
    DAC_DMAConvCpltCh2                       0x080019bb   Thumb Code    16  stm32f4xx_hal_dac_ex.o(i.DAC_DMAConvCpltCh2)
    DAC_DMAErrorCh1                          0x080019cb   Thumb Code    24  stm32f4xx_hal_dac.o(i.DAC_DMAErrorCh1)
    DAC_DMAErrorCh2                          0x080019e3   Thumb Code    24  stm32f4xx_hal_dac_ex.o(i.DAC_DMAErrorCh2)
    DAC_DMAHalfConvCpltCh1                   0x080019fb   Thumb Code    10  stm32f4xx_hal_dac.o(i.DAC_DMAHalfConvCpltCh1)
    DAC_DMAHalfConvCpltCh2                   0x08001a05   Thumb Code    10  stm32f4xx_hal_dac_ex.o(i.DAC_DMAHalfConvCpltCh2)
    DMA1_Stream5_IRQHandler                  0x08001a11   Thumb Code     6  stm32f4xx_it.o(i.DMA1_Stream5_IRQHandler)
    DMA1_Stream6_IRQHandler                  0x08001a1d   Thumb Code     6  stm32f4xx_it.o(i.DMA1_Stream6_IRQHandler)
    DMA2_Stream0_IRQHandler                  0x08001a29   Thumb Code    16  stm32f4xx_it.o(i.DMA2_Stream0_IRQHandler)
    DMA2_Stream7_IRQHandler                  0x08001a41   Thumb Code     6  stm32f4xx_it.o(i.DMA2_Stream7_IRQHandler)
    DebugMon_Handler                         0x08001af1   Thumb Code     2  stm32f4xx_it.o(i.DebugMon_Handler)
    EXTI0_IRQHandler                         0x08001af3   Thumb Code     6  stm32f4xx_it.o(i.EXTI0_IRQHandler)
    Error_Handler                            0x08001af9   Thumb Code     4  main.o(i.Error_Handler)
    HAL_ADC_ConfigChannel                    0x08001afd   Thumb Code   316  stm32f4xx_hal_adc.o(i.HAL_ADC_ConfigChannel)
    HAL_ADC_ConvCpltCallback                 0x08001c49   Thumb Code     2  stm32f4xx_hal_adc.o(i.HAL_ADC_ConvCpltCallback)
    HAL_ADC_ConvHalfCpltCallback             0x08001c4b   Thumb Code     2  stm32f4xx_hal_adc.o(i.HAL_ADC_ConvHalfCpltCallback)
    HAL_ADC_ErrorCallback                    0x08001c4d   Thumb Code     2  stm32f4xx_hal_adc.o(i.HAL_ADC_ErrorCallback)
    HAL_ADC_Init                             0x08001c4f   Thumb Code    84  stm32f4xx_hal_adc.o(i.HAL_ADC_Init)
    HAL_ADC_MspInit                          0x08001ca5   Thumb Code   130  adc.o(i.HAL_ADC_MspInit)
    HAL_ADC_Start_DMA                        0x08001d3d   Thumb Code   302  stm32f4xx_hal_adc.o(i.HAL_ADC_Start_DMA)
    HAL_DACEx_ConvCpltCallbackCh2            0x08001e91   Thumb Code     2  stm32f4xx_hal_dac_ex.o(i.HAL_DACEx_ConvCpltCallbackCh2)
    HAL_DACEx_ConvHalfCpltCallbackCh2        0x08001e93   Thumb Code     2  stm32f4xx_hal_dac_ex.o(i.HAL_DACEx_ConvHalfCpltCallbackCh2)
    HAL_DACEx_ErrorCallbackCh2               0x08001e95   Thumb Code     2  stm32f4xx_hal_dac_ex.o(i.HAL_DACEx_ErrorCallbackCh2)
    HAL_DAC_ConfigChannel                    0x08001e97   Thumb Code    70  stm32f4xx_hal_dac.o(i.HAL_DAC_ConfigChannel)
    HAL_DAC_ConvCpltCallbackCh1              0x08001edd   Thumb Code     2  stm32f4xx_hal_dac.o(i.HAL_DAC_ConvCpltCallbackCh1)
    HAL_DAC_ConvHalfCpltCallbackCh1          0x08001edf   Thumb Code     2  stm32f4xx_hal_dac.o(i.HAL_DAC_ConvHalfCpltCallbackCh1)
    HAL_DAC_ErrorCallbackCh1                 0x08001ee1   Thumb Code     2  stm32f4xx_hal_dac.o(i.HAL_DAC_ErrorCallbackCh1)
    HAL_DAC_Init                             0x08001ee3   Thumb Code    40  stm32f4xx_hal_dac.o(i.HAL_DAC_Init)
    HAL_DAC_MspInit                          0x08001f0d   Thumb Code   192  dac.o(i.HAL_DAC_MspInit)
    HAL_DAC_Start_DMA                        0x08001fe1   Thumb Code   246  stm32f4xx_hal_dac.o(i.HAL_DAC_Start_DMA)
    HAL_DMA_Abort                            0x080020f1   Thumb Code   142  stm32f4xx_hal_dma.o(i.HAL_DMA_Abort)
    HAL_DMA_Abort_IT                         0x0800217f   Thumb Code    36  stm32f4xx_hal_dma.o(i.HAL_DMA_Abort_IT)
    HAL_DMA_IRQHandler                       0x080021a5   Thumb Code   412  stm32f4xx_hal_dma.o(i.HAL_DMA_IRQHandler)
    HAL_DMA_Init                             0x08002345   Thumb Code   206  stm32f4xx_hal_dma.o(i.HAL_DMA_Init)
    HAL_DMA_Start_IT                         0x08002419   Thumb Code   110  stm32f4xx_hal_dma.o(i.HAL_DMA_Start_IT)
    HAL_Delay                                0x08002489   Thumb Code    32  stm32f4xx_hal.o(i.HAL_Delay)
    HAL_GPIO_EXTI_Callback                   0x080024ad   Thumb Code     2  stm32f4xx_it.o(i.HAL_GPIO_EXTI_Callback)
    HAL_GPIO_EXTI_IRQHandler                 0x080024b1   Thumb Code    18  stm32f4xx_hal_gpio.o(i.HAL_GPIO_EXTI_IRQHandler)
    HAL_GPIO_Init                            0x080024c9   Thumb Code   448  stm32f4xx_hal_gpio.o(i.HAL_GPIO_Init)
    HAL_GPIO_TogglePin                       0x080026b5   Thumb Code    16  stm32f4xx_hal_gpio.o(i.HAL_GPIO_TogglePin)
    HAL_GPIO_WritePin                        0x080026c5   Thumb Code    10  stm32f4xx_hal_gpio.o(i.HAL_GPIO_WritePin)
    HAL_GetTick                              0x080026d1   Thumb Code     6  stm32f4xx_hal.o(i.HAL_GetTick)
    HAL_IncTick                              0x080026dd   Thumb Code    12  stm32f4xx_hal.o(i.HAL_IncTick)
    HAL_Init                                 0x080026ed   Thumb Code    48  stm32f4xx_hal.o(i.HAL_Init)
    HAL_InitTick                             0x08002721   Thumb Code    54  stm32f4xx_hal.o(i.HAL_InitTick)
    HAL_MspInit                              0x08002761   Thumb Code    52  stm32f4xx_hal_msp.o(i.HAL_MspInit)
    HAL_NVIC_EnableIRQ                       0x08002799   Thumb Code    26  stm32f4xx_hal_cortex.o(i.HAL_NVIC_EnableIRQ)
    HAL_NVIC_SetPriority                     0x080027b5   Thumb Code    60  stm32f4xx_hal_cortex.o(i.HAL_NVIC_SetPriority)
    HAL_NVIC_SetPriorityGrouping             0x080027f5   Thumb Code    26  stm32f4xx_hal_cortex.o(i.HAL_NVIC_SetPriorityGrouping)
    HAL_RCC_ClockConfig                      0x08002819   Thumb Code   288  stm32f4xx_hal_rcc.o(i.HAL_RCC_ClockConfig)
    HAL_RCC_GetPCLK1Freq                     0x0800294d   Thumb Code    20  stm32f4xx_hal_rcc.o(i.HAL_RCC_GetPCLK1Freq)
    HAL_RCC_GetPCLK2Freq                     0x0800296d   Thumb Code    20  stm32f4xx_hal_rcc.o(i.HAL_RCC_GetPCLK2Freq)
    HAL_RCC_GetSysClockFreq                  0x0800298d   Thumb Code    88  stm32f4xx_hal_rcc.o(i.HAL_RCC_GetSysClockFreq)
    HAL_RCC_OscConfig                        0x080029ed   Thumb Code   856  stm32f4xx_hal_rcc.o(i.HAL_RCC_OscConfig)
    HAL_SYSTICK_Config                       0x08002d59   Thumb Code    40  stm32f4xx_hal_cortex.o(i.HAL_SYSTICK_Config)
    HAL_TIMEx_MasterConfigSynchronization    0x08002d81   Thumb Code   116  stm32f4xx_hal_tim_ex.o(i.HAL_TIMEx_MasterConfigSynchronization)
    HAL_TIM_Base_Init                        0x08002e11   Thumb Code    90  stm32f4xx_hal_tim.o(i.HAL_TIM_Base_Init)
    HAL_TIM_Base_MspInit                     0x08002e6d   Thumb Code    52  tim.o(i.HAL_TIM_Base_MspInit)
    HAL_TIM_Base_Start                       0x08002ea9   Thumb Code    90  stm32f4xx_hal_tim.o(i.HAL_TIM_Base_Start)
    HAL_TIM_ConfigClockSource                0x08002f21   Thumb Code   214  stm32f4xx_hal_tim.o(i.HAL_TIM_ConfigClockSource)
    HAL_UARTEx_RxEventCallback               0x08002ff7   Thumb Code     2  stm32f4xx_hal_uart.o(i.HAL_UARTEx_RxEventCallback)
    HAL_UART_ErrorCallback                   0x08002ff9   Thumb Code     2  stm32f4xx_hal_uart.o(i.HAL_UART_ErrorCallback)
    HAL_UART_IRQHandler                      0x08002ffd   Thumb Code   522  stm32f4xx_hal_uart.o(i.HAL_UART_IRQHandler)
    HAL_UART_Init                            0x0800320d   Thumb Code    98  stm32f4xx_hal_uart.o(i.HAL_UART_Init)
    HAL_UART_MspInit                         0x08003271   Thumb Code   160  usart.o(i.HAL_UART_MspInit)
    HAL_UART_RxCpltCallback                  0x08003325   Thumb Code     2  stm32f4xx_hal_uart.o(i.HAL_UART_RxCpltCallback)
    HAL_UART_TxCpltCallback                  0x08003327   Thumb Code     2  stm32f4xx_hal_uart.o(i.HAL_UART_TxCpltCallback)
    HardFault_Handler                        0x08003329   Thumb Code     2  stm32f4xx_it.o(i.HardFault_Handler)
    MX_ADC1_Init                             0x0800332d   Thumb Code    90  adc.o(i.MX_ADC1_Init)
    MX_DAC_Init                              0x08003391   Thumb Code    70  dac.o(i.MX_DAC_Init)
    MX_DMA_Init                              0x080033e1   Thumb Code   104  dma.o(i.MX_DMA_Init)
    MX_GPIO_Init                             0x0800344d   Thumb Code   336  gpio.o(i.MX_GPIO_Init)
    MX_TIM2_Init                             0x080035b9   Thumb Code    94  tim.o(i.MX_TIM2_Init)
    MX_TIM3_Init                             0x0800361d   Thumb Code    96  tim.o(i.MX_TIM3_Init)
    MX_USART1_UART_Init                      0x08003685   Thumb Code    48  usart.o(i.MX_USART1_UART_Init)
    MemManage_Handler                        0x080036bd   Thumb Code     2  stm32f4xx_it.o(i.MemManage_Handler)
    NMI_Handler                              0x080036bf   Thumb Code     2  stm32f4xx_it.o(i.NMI_Handler)
    SysTick_Handler                          0x080036c1   Thumb Code    24  stm32f4xx_it.o(i.SysTick_Handler)
    SystemClock_Config                       0x080036d9   Thumb Code   138  main.o(i.SystemClock_Config)
    SystemInit                               0x0800376d   Thumb Code    12  system_stm32f4xx.o(i.SystemInit)
    TIM_Base_SetConfig                       0x0800377d   Thumb Code   156  stm32f4xx_hal_tim.o(i.TIM_Base_SetConfig)
    TIM_ETR_SetConfig                        0x08003845   Thumb Code    20  stm32f4xx_hal_tim.o(i.TIM_ETR_SetConfig)
    USART1_IRQHandler                        0x08003aa9   Thumb Code     6  stm32f4xx_it.o(i.USART1_IRQHandler)
    UsageFault_Handler                       0x08003ab5   Thumb Code     2  stm32f4xx_it.o(i.UsageFault_Handler)
    __0printf                                0x08003ab9   Thumb Code    22  printfa.o(i.__0printf)
    __1printf                                0x08003ab9   Thumb Code     0  printfa.o(i.__0printf)
    __2printf                                0x08003ab9   Thumb Code     0  printfa.o(i.__0printf)
    __c89printf                              0x08003ab9   Thumb Code     0  printfa.o(i.__0printf)
    printf                                   0x08003ab9   Thumb Code     0  printfa.o(i.__0printf)
    __ARM_fpclassify                         0x08003ad9   Thumb Code    48  fpclassify.o(i.__ARM_fpclassify)
    __hardfp_cosf                            0x08003b29   Thumb Code   280  cosf.o(i.__hardfp_cosf)
    __hardfp_floor                           0x08003c79   Thumb Code   252  floor.o(i.__hardfp_floor)
    __hardfp_sin                             0x08003d91   Thumb Code   180  sin.o(i.__hardfp_sin)
    __ieee754_rem_pio2                       0x08003e59   Thumb Code   938  rred.o(i.__ieee754_rem_pio2)
    __kernel_cos                             0x08004291   Thumb Code   322  cos_i.o(i.__kernel_cos)
    __kernel_poly                            0x08004401   Thumb Code   248  poly.o(i.__kernel_poly)
    __kernel_sin                             0x080044f9   Thumb Code   280  sin_i.o(i.__kernel_sin)
    __mathlib_dbl_infnan                     0x08004629   Thumb Code    20  dunder.o(i.__mathlib_dbl_infnan)
    __mathlib_dbl_invalid                    0x08004641   Thumb Code    24  dunder.o(i.__mathlib_dbl_invalid)
    __mathlib_dbl_underflow                  0x08004661   Thumb Code    24  dunder.o(i.__mathlib_dbl_underflow)
    __mathlib_flt_infnan                     0x08004681   Thumb Code     6  funder.o(i.__mathlib_flt_infnan)
    __mathlib_flt_invalid                    0x08004689   Thumb Code    10  funder.o(i.__mathlib_flt_invalid)
    __mathlib_rredf2                         0x08004699   Thumb Code   316  rredf.o(i.__mathlib_rredf2)
    __scatterload_copy                       0x080047ed   Thumb Code    14  handlers.o(i.__scatterload_copy)
    __scatterload_null                       0x080047fb   Thumb Code     2  handlers.o(i.__scatterload_null)
    __scatterload_zeroinit                   0x080047fd   Thumb Code    14  handlers.o(i.__scatterload_zeroinit)
    __set_errno                              0x0800480d   Thumb Code     6  errno.o(i.__set_errno)
    fabs                                     0x080050ab   Thumb Code    24  fabs.o(i.fabs)
    fputc                                    0x080050c5   Thumb Code    14  usart.o(i.fputc)
    generateFlatTopWindow                    0x080050d9   Thumb Code   142  main.o(i.generateFlatTopWindow)
    main                                     0x08005189   Thumb Code  1242  main.o(i.main)
    malloc                                   0x08005671   Thumb Code    92  malloc.o(i.malloc)
    uxListRemove                             0x080056fd   Thumb Code    38  list.o(i.uxListRemove)
    vListInsertEnd                           0x08005723   Thumb Code    24  list.o(i.vListInsertEnd)
    vTaskSwitchContext                       0x0800573d   Thumb Code    82  tasks.o(i.vTaskSwitchContext)
    xPortSysTickHandler                      0x08005799   Thumb Code    38  port.o(i.xPortSysTickHandler)
    xTaskGetSchedulerState                   0x080057c5   Thumb Code    22  tasks.o(i.xTaskGetSchedulerState)
    xTaskIncrementTick                       0x080057e1   Thumb Code   194  tasks.o(i.xTaskIncrementTick)
    AHBPrescTable                            0x080058b4   Data          16  system_stm32f4xx.o(.constdata)
    APBPrescTable                            0x080058c4   Data           8  system_stm32f4xx.o(.constdata)
    arm_cfft_sR_f32_len1024                  0x080058cc   Data          16  arm_const_structs.o(.constdata)
    twiddleCoef_1024                         0x080058dc   Data        8192  arm_common_tables.o(.constdata)
    armBitRevIndexTable1024                  0x080078dc   Data        3600  arm_common_tables.o(.constdata)
    Region$$Table$$Base                      0x08008830   Number         0  anon$$obj.o(Region$$Table)
    Region$$Table$$Limit                     0x08008850   Number         0  anon$$obj.o(Region$$Table)
    AdcConvEnd                               0x20000000   Data           1  main.o(.data)
    binIndex1                                0x20000004   Data           4  main.o(.data)
    binIndex2                                0x20000008   Data           4  main.o(.data)
    signalFreq1                              0x2000000c   Data           4  main.o(.data)
    signalFreq2                              0x20000010   Data           4  main.o(.data)
    signalAmplitude1                         0x20000014   Data           4  main.o(.data)
    signalAmplitude2                         0x20000018   Data           4  main.o(.data)
    integerPart1                             0x2000001c   Data           4  main.o(.data)
    decimalPart1                             0x20000020   Data           4  main.o(.data)
    decimalPart2                             0x20000024   Data           4  main.o(.data)
    __stdout                                 0x20000028   Data           4  usart.o(.data)
    uwTickFreq                               0x2000002c   Data           1  stm32f4xx_hal.o(.data)
    uwTickPrio                               0x20000030   Data           4  stm32f4xx_hal.o(.data)
    uwTick                                   0x20000034   Data           4  stm32f4xx_hal.o(.data)
    SystemCoreClock                          0x20000038   Data           4  system_stm32f4xx.o(.data)
    pxCurrentTCB                             0x2000003c   Data           4  tasks.o(.data)
    __microlib_freelist                      0x20000078   Data           4  mvars.o(.data)
    __microlib_freelist_initialised          0x2000007c   Data           4  mvars.o(.data)
    adcBuff                                  0x20000084   Data        2048  main.o(.bss)
    window                                   0x20000884   Data        8192  main.o(.bss)
    fft_inputbuf                             0x20002884   Data        8192  main.o(.bss)
    fft_outputbuf                            0x20004884   Data        4096  main.o(.bss)
    hadc1                                    0x20005884   Data          72  adc.o(.bss)
    hdma_adc1                                0x200058cc   Data          96  adc.o(.bss)
    hdac                                     0x2000592c   Data          20  dac.o(.bss)
    hdma_dac1                                0x20005940   Data          96  dac.o(.bss)
    hdma_dac2                                0x200059a0   Data          96  dac.o(.bss)
    htim2                                    0x20005a00   Data          72  tim.o(.bss)
    htim3                                    0x20005a48   Data          72  tim.o(.bss)
    huart1                                   0x20005a90   Data          68  usart.o(.bss)
    hdma_usart1_tx                           0x20005ad4   Data          96  usart.o(.bss)
    __heap_base                              0x20005c28   Data           0  startup_stm32f407xx.o(HEAP)
    __heap_limit                             0x20006028   Data           0  startup_stm32f407xx.o(HEAP)
    __initial_sp                             0x20006628   Data           0  startup_stm32f407xx.o(STACK)



==============================================================================

Memory Map of the image

  Image Entry point : 0x08000249

  Load Region LR_IROM1 (Base: 0x08000000, Size: 0x000088d4, Max: 0x00100000, ABSOLUTE)

    Execution Region ER_IROM1 (Exec base: 0x08000000, Load base: 0x08000000, Size: 0x00008850, Max: 0x00100000, ABSOLUTE)

    Exec Addr    Load Addr    Size         Type   Attr      Idx    E Section Name        Object

    0x08000000   0x08000000   0x00000188   Data   RO            3    RESET               startup_stm32f407xx.o
    0x08000188   0x08000188   0x000000c0   Code   RO         5301    . text              arm_cortexM4lf_math.lib(arm_bitreversal2.o)
    0x08000248   0x08000248   0x00000000   Code   RO         5417  * .ARM.Collect$$$$00000000  mc_w.l(entry.o)
    0x08000248   0x08000248   0x00000004   Code   RO         5778    .ARM.Collect$$$$00000001  mc_w.l(entry2.o)
    0x0800024c   0x0800024c   0x00000004   Code   RO         5781    .ARM.Collect$$$$00000004  mc_w.l(entry5.o)
    0x08000250   0x08000250   0x00000000   Code   RO         5783    .ARM.Collect$$$$00000008  mc_w.l(entry7b.o)
    0x08000250   0x08000250   0x00000000   Code   RO         5785    .ARM.Collect$$$$0000000A  mc_w.l(entry8b.o)
    0x08000250   0x08000250   0x00000008   Code   RO         5786    .ARM.Collect$$$$0000000B  mc_w.l(entry9a.o)
    0x08000258   0x08000258   0x00000000   Code   RO         5788    .ARM.Collect$$$$0000000D  mc_w.l(entry10a.o)
    0x08000258   0x08000258   0x00000000   Code   RO         5790    .ARM.Collect$$$$0000000F  mc_w.l(entry11a.o)
    0x08000258   0x08000258   0x00000004   Code   RO         5779    .ARM.Collect$$$$00002712  mc_w.l(entry2.o)
    0x0800025c   0x0800025c   0x000000be   Code   RO         4964    .emb_text           port.o
    0x0800031a   0x0800031a   0x00000002   PAD
    0x0800031c   0x0800031c   0x00000024   Code   RO            4    .text               startup_stm32f407xx.o
    0x08000340   0x08000340   0x000000fc   Code   RO         5044    .text               arm_cortexM4lf_math.lib(arm_cmplx_mag_f32.o)
    0x0800043c   0x0800043c   0x00000722   Code   RO         5090    .text               arm_cortexM4lf_math.lib(arm_cfft_f32.o)
    0x08000b5e   0x08000b5e   0x00000002   PAD
    0x08000b60   0x08000b60   0x000000d8   Code   RO         5121    .text               arm_cortexM4lf_math.lib(arm_max_f32.o)
    0x08000c38   0x08000c38   0x000004dc   Code   RO         5280    .text               arm_cortexM4lf_math.lib(arm_cfft_radix8_f32.o)
    0x08001114   0x08001114   0x00000062   Code   RO         5420    .text               mc_w.l(uldiv.o)
    0x08001176   0x08001176   0x00000024   Code   RO         5426    .text               mc_w.l(memseta.o)
    0x0800119a   0x0800119a   0x0000014e   Code   RO         5719    .text               mf_w.l(dadd.o)
    0x080012e8   0x080012e8   0x000000e4   Code   RO         5721    .text               mf_w.l(dmul.o)
    0x080013cc   0x080013cc   0x000000de   Code   RO         5723    .text               mf_w.l(ddiv.o)
    0x080014aa   0x080014aa   0x0000001a   Code   RO         5725    .text               mf_w.l(dfltui.o)
    0x080014c4   0x080014c4   0x00000032   Code   RO         5727    .text               mf_w.l(dfixui.o)
    0x080014f6   0x080014f6   0x00000026   Code   RO         5729    .text               mf_w.l(f2d.o)
    0x0800151c   0x0800151c   0x00000038   Code   RO         5731    .text               mf_w.l(d2f.o)
    0x08001554   0x08001554   0x0000002c   Code   RO         5792    .text               mc_w.l(uidiv.o)
    0x08001580   0x08001580   0x0000001e   Code   RO         5794    .text               mc_w.l(llshl.o)
    0x0800159e   0x0800159e   0x00000020   Code   RO         5796    .text               mc_w.l(llushr.o)
    0x080015be   0x080015be   0x00000024   Code   RO         5798    .text               mc_w.l(llsshr.o)
    0x080015e2   0x080015e2   0x00000000   Code   RO         5809    .text               mc_w.l(iusefp.o)
    0x080015e2   0x080015e2   0x0000006e   Code   RO         5810    .text               mf_w.l(fepilogue.o)
    0x08001650   0x08001650   0x000000ba   Code   RO         5812    .text               mf_w.l(depilogue.o)
    0x0800170a   0x0800170a   0x00000030   Code   RO         5816    .text               mf_w.l(dfixul.o)
    0x0800173a   0x0800173a   0x00000002   PAD
    0x0800173c   0x0800173c   0x00000030   Code   RO         5818    .text               mf_w.l(cdrcmple.o)
    0x0800176c   0x0800176c   0x00000024   Code   RO         5830    .text               mc_w.l(init.o)
    0x08001790   0x08001790   0x00000022   Code   RO         5832    .text               mf_w.l(dflti.o)
    0x080017b2   0x080017b2   0x0000003e   Code   RO         5834    .text               mf_w.l(dfixi.o)
    0x080017f0   0x080017f0   0x0000006e   Code   RO          729    i.ADC_DMAConvCplt   stm32f4xx_hal_adc.o
    0x0800185e   0x0800185e   0x00000016   Code   RO          730    i.ADC_DMAError      stm32f4xx_hal_adc.o
    0x08001874   0x08001874   0x0000000a   Code   RO          731    i.ADC_DMAHalfConvCplt  stm32f4xx_hal_adc.o
    0x0800187e   0x0800187e   0x00000002   PAD
    0x08001880   0x08001880   0x00000128   Code   RO          732    i.ADC_Init          stm32f4xx_hal_adc.o
    0x080019a8   0x080019a8   0x00000002   Code   RO          550    i.BusFault_Handler  stm32f4xx_it.o
    0x080019aa   0x080019aa   0x00000010   Code   RO         2139    i.DAC_DMAConvCpltCh1  stm32f4xx_hal_dac.o
    0x080019ba   0x080019ba   0x00000010   Code   RO         2283    i.DAC_DMAConvCpltCh2  stm32f4xx_hal_dac_ex.o
    0x080019ca   0x080019ca   0x00000018   Code   RO         2140    i.DAC_DMAErrorCh1   stm32f4xx_hal_dac.o
    0x080019e2   0x080019e2   0x00000018   Code   RO         2284    i.DAC_DMAErrorCh2   stm32f4xx_hal_dac_ex.o
    0x080019fa   0x080019fa   0x0000000a   Code   RO         2141    i.DAC_DMAHalfConvCpltCh1  stm32f4xx_hal_dac.o
    0x08001a04   0x08001a04   0x0000000a   Code   RO         2285    i.DAC_DMAHalfConvCpltCh2  stm32f4xx_hal_dac_ex.o
    0x08001a0e   0x08001a0e   0x00000002   PAD
    0x08001a10   0x08001a10   0x0000000c   Code   RO          551    i.DMA1_Stream5_IRQHandler  stm32f4xx_it.o
    0x08001a1c   0x08001a1c   0x0000000c   Code   RO          552    i.DMA1_Stream6_IRQHandler  stm32f4xx_it.o
    0x08001a28   0x08001a28   0x00000018   Code   RO          553    i.DMA2_Stream0_IRQHandler  stm32f4xx_it.o
    0x08001a40   0x08001a40   0x0000000c   Code   RO          554    i.DMA2_Stream7_IRQHandler  stm32f4xx_it.o
    0x08001a4c   0x08001a4c   0x00000028   Code   RO         1466    i.DMA_CalcBaseAndBitshift  stm32f4xx_hal_dma.o
    0x08001a74   0x08001a74   0x00000054   Code   RO         1467    i.DMA_CheckFifoParam  stm32f4xx_hal_dma.o
    0x08001ac8   0x08001ac8   0x00000028   Code   RO         1468    i.DMA_SetConfig     stm32f4xx_hal_dma.o
    0x08001af0   0x08001af0   0x00000002   Code   RO          555    i.DebugMon_Handler  stm32f4xx_it.o
    0x08001af2   0x08001af2   0x00000006   Code   RO          556    i.EXTI0_IRQHandler  stm32f4xx_it.o
    0x08001af8   0x08001af8   0x00000004   Code   RO           13    i.Error_Handler     main.o
    0x08001afc   0x08001afc   0x0000014c   Code   RO          734    i.HAL_ADC_ConfigChannel  stm32f4xx_hal_adc.o
    0x08001c48   0x08001c48   0x00000002   Code   RO          735    i.HAL_ADC_ConvCpltCallback  stm32f4xx_hal_adc.o
    0x08001c4a   0x08001c4a   0x00000002   Code   RO          736    i.HAL_ADC_ConvHalfCpltCallback  stm32f4xx_hal_adc.o
    0x08001c4c   0x08001c4c   0x00000002   Code   RO          738    i.HAL_ADC_ErrorCallback  stm32f4xx_hal_adc.o
    0x08001c4e   0x08001c4e   0x00000054   Code   RO          743    i.HAL_ADC_Init      stm32f4xx_hal_adc.o
    0x08001ca2   0x08001ca2   0x00000002   PAD
    0x08001ca4   0x08001ca4   0x00000098   Code   RO          336    i.HAL_ADC_MspInit   adc.o
    0x08001d3c   0x08001d3c   0x00000154   Code   RO          750    i.HAL_ADC_Start_DMA  stm32f4xx_hal_adc.o
    0x08001e90   0x08001e90   0x00000002   Code   RO         2286    i.HAL_DACEx_ConvCpltCallbackCh2  stm32f4xx_hal_dac_ex.o
    0x08001e92   0x08001e92   0x00000002   Code   RO         2287    i.HAL_DACEx_ConvHalfCpltCallbackCh2  stm32f4xx_hal_dac_ex.o
    0x08001e94   0x08001e94   0x00000002   Code   RO         2293    i.HAL_DACEx_ErrorCallbackCh2  stm32f4xx_hal_dac_ex.o
    0x08001e96   0x08001e96   0x00000046   Code   RO         2142    i.HAL_DAC_ConfigChannel  stm32f4xx_hal_dac.o
    0x08001edc   0x08001edc   0x00000002   Code   RO         2143    i.HAL_DAC_ConvCpltCallbackCh1  stm32f4xx_hal_dac.o
    0x08001ede   0x08001ede   0x00000002   Code   RO         2144    i.HAL_DAC_ConvHalfCpltCallbackCh1  stm32f4xx_hal_dac.o
    0x08001ee0   0x08001ee0   0x00000002   Code   RO         2147    i.HAL_DAC_ErrorCallbackCh1  stm32f4xx_hal_dac.o
    0x08001ee2   0x08001ee2   0x00000028   Code   RO         2152    i.HAL_DAC_Init      stm32f4xx_hal_dac.o
    0x08001f0a   0x08001f0a   0x00000002   PAD
    0x08001f0c   0x08001f0c   0x000000d4   Code   RO          378    i.HAL_DAC_MspInit   dac.o
    0x08001fe0   0x08001fe0   0x00000110   Code   RO         2157    i.HAL_DAC_Start_DMA  stm32f4xx_hal_dac.o
    0x080020f0   0x080020f0   0x0000008e   Code   RO         1469    i.HAL_DMA_Abort     stm32f4xx_hal_dma.o
    0x0800217e   0x0800217e   0x00000024   Code   RO         1470    i.HAL_DMA_Abort_IT  stm32f4xx_hal_dma.o
    0x080021a2   0x080021a2   0x00000002   PAD
    0x080021a4   0x080021a4   0x000001a0   Code   RO         1474    i.HAL_DMA_IRQHandler  stm32f4xx_hal_dma.o
    0x08002344   0x08002344   0x000000d4   Code   RO         1475    i.HAL_DMA_Init      stm32f4xx_hal_dma.o
    0x08002418   0x08002418   0x0000006e   Code   RO         1479    i.HAL_DMA_Start_IT  stm32f4xx_hal_dma.o
    0x08002486   0x08002486   0x00000002   PAD
    0x08002488   0x08002488   0x00000024   Code   RO         1888    i.HAL_Delay         stm32f4xx_hal.o
    0x080024ac   0x080024ac   0x00000002   Code   RO          557    i.HAL_GPIO_EXTI_Callback  stm32f4xx_it.o
    0x080024ae   0x080024ae   0x00000002   PAD
    0x080024b0   0x080024b0   0x00000018   Code   RO         1361    i.HAL_GPIO_EXTI_IRQHandler  stm32f4xx_hal_gpio.o
    0x080024c8   0x080024c8   0x000001ec   Code   RO         1362    i.HAL_GPIO_Init     stm32f4xx_hal_gpio.o
    0x080026b4   0x080026b4   0x00000010   Code   RO         1365    i.HAL_GPIO_TogglePin  stm32f4xx_hal_gpio.o
    0x080026c4   0x080026c4   0x0000000a   Code   RO         1366    i.HAL_GPIO_WritePin  stm32f4xx_hal_gpio.o
    0x080026ce   0x080026ce   0x00000002   PAD
    0x080026d0   0x080026d0   0x0000000c   Code   RO         1894    i.HAL_GetTick       stm32f4xx_hal.o
    0x080026dc   0x080026dc   0x00000010   Code   RO         1900    i.HAL_IncTick       stm32f4xx_hal.o
    0x080026ec   0x080026ec   0x00000034   Code   RO         1901    i.HAL_Init          stm32f4xx_hal.o
    0x08002720   0x08002720   0x00000040   Code   RO         1902    i.HAL_InitTick      stm32f4xx_hal.o
    0x08002760   0x08002760   0x00000038   Code   RO          660    i.HAL_MspInit       stm32f4xx_hal_msp.o
    0x08002798   0x08002798   0x0000001a   Code   RO         1751    i.HAL_NVIC_EnableIRQ  stm32f4xx_hal_cortex.o
    0x080027b2   0x080027b2   0x00000002   PAD
    0x080027b4   0x080027b4   0x00000040   Code   RO         1757    i.HAL_NVIC_SetPriority  stm32f4xx_hal_cortex.o
    0x080027f4   0x080027f4   0x00000024   Code   RO         1758    i.HAL_NVIC_SetPriorityGrouping  stm32f4xx_hal_cortex.o
    0x08002818   0x08002818   0x00000134   Code   RO         1008    i.HAL_RCC_ClockConfig  stm32f4xx_hal_rcc.o
    0x0800294c   0x0800294c   0x00000020   Code   RO         1015    i.HAL_RCC_GetPCLK1Freq  stm32f4xx_hal_rcc.o
    0x0800296c   0x0800296c   0x00000020   Code   RO         1016    i.HAL_RCC_GetPCLK2Freq  stm32f4xx_hal_rcc.o
    0x0800298c   0x0800298c   0x00000060   Code   RO         1017    i.HAL_RCC_GetSysClockFreq  stm32f4xx_hal_rcc.o
    0x080029ec   0x080029ec   0x0000036c   Code   RO         1020    i.HAL_RCC_OscConfig  stm32f4xx_hal_rcc.o
    0x08002d58   0x08002d58   0x00000028   Code   RO         1762    i.HAL_SYSTICK_Config  stm32f4xx_hal_cortex.o
    0x08002d80   0x08002d80   0x00000090   Code   RO         3104    i.HAL_TIMEx_MasterConfigSynchronization  stm32f4xx_hal_tim_ex.o
    0x08002e10   0x08002e10   0x0000005a   Code   RO         2381    i.HAL_TIM_Base_Init  stm32f4xx_hal_tim.o
    0x08002e6a   0x08002e6a   0x00000002   PAD
    0x08002e6c   0x08002e6c   0x0000003c   Code   RO          444    i.HAL_TIM_Base_MspInit  tim.o
    0x08002ea8   0x08002ea8   0x00000078   Code   RO         2384    i.HAL_TIM_Base_Start  stm32f4xx_hal_tim.o
    0x08002f20   0x08002f20   0x000000d6   Code   RO         2390    i.HAL_TIM_ConfigClockSource  stm32f4xx_hal_tim.o
    0x08002ff6   0x08002ff6   0x00000002   Code   RO         3363    i.HAL_UARTEx_RxEventCallback  stm32f4xx_hal_uart.o
    0x08002ff8   0x08002ff8   0x00000002   Code   RO         3377    i.HAL_UART_ErrorCallback  stm32f4xx_hal_uart.o
    0x08002ffa   0x08002ffa   0x00000002   PAD
    0x08002ffc   0x08002ffc   0x00000210   Code   RO         3380    i.HAL_UART_IRQHandler  stm32f4xx_hal_uart.o
    0x0800320c   0x0800320c   0x00000062   Code   RO         3381    i.HAL_UART_Init     stm32f4xx_hal_uart.o
    0x0800326e   0x0800326e   0x00000002   PAD
    0x08003270   0x08003270   0x000000b4   Code   RO          492    i.HAL_UART_MspInit  usart.o
    0x08003324   0x08003324   0x00000002   Code   RO         3387    i.HAL_UART_RxCpltCallback  stm32f4xx_hal_uart.o
    0x08003326   0x08003326   0x00000002   Code   RO         3392    i.HAL_UART_TxCpltCallback  stm32f4xx_hal_uart.o
    0x08003328   0x08003328   0x00000002   Code   RO          558    i.HardFault_Handler  stm32f4xx_it.o
    0x0800332a   0x0800332a   0x00000002   PAD
    0x0800332c   0x0800332c   0x00000064   Code   RO          337    i.MX_ADC1_Init      adc.o
    0x08003390   0x08003390   0x00000050   Code   RO          379    i.MX_DAC_Init       dac.o
    0x080033e0   0x080033e0   0x0000006c   Code   RO          419    i.MX_DMA_Init       dma.o
    0x0800344c   0x0800344c   0x0000016c   Code   RO          261    i.MX_GPIO_Init      gpio.o
    0x080035b8   0x080035b8   0x00000064   Code   RO          445    i.MX_TIM2_Init      tim.o
    0x0800361c   0x0800361c   0x00000068   Code   RO          446    i.MX_TIM3_Init      tim.o
    0x08003684   0x08003684   0x00000038   Code   RO          493    i.MX_USART1_UART_Init  usart.o
    0x080036bc   0x080036bc   0x00000002   Code   RO          559    i.MemManage_Handler  stm32f4xx_it.o
    0x080036be   0x080036be   0x00000002   Code   RO          560    i.NMI_Handler       stm32f4xx_it.o
    0x080036c0   0x080036c0   0x00000018   Code   RO          561    i.SysTick_Handler   stm32f4xx_it.o
    0x080036d8   0x080036d8   0x00000094   Code   RO           14    i.SystemClock_Config  main.o
    0x0800376c   0x0800376c   0x00000010   Code   RO         3710    i.SystemInit        system_stm32f4xx.o
    0x0800377c   0x0800377c   0x000000c8   Code   RO         2474    i.TIM_Base_SetConfig  stm32f4xx_hal_tim.o
    0x08003844   0x08003844   0x00000014   Code   RO         2485    i.TIM_ETR_SetConfig  stm32f4xx_hal_tim.o
    0x08003858   0x08003858   0x00000010   Code   RO         2486    i.TIM_ITRx_SetConfig  stm32f4xx_hal_tim.o
    0x08003868   0x08003868   0x00000022   Code   RO         2492    i.TIM_TI1_ConfigInputStage  stm32f4xx_hal_tim.o
    0x0800388a   0x0800388a   0x00000024   Code   RO         2494    i.TIM_TI2_ConfigInputStage  stm32f4xx_hal_tim.o
    0x080038ae   0x080038ae   0x00000010   Code   RO         3394    i.UART_DMAAbortOnError  stm32f4xx_hal_uart.o
    0x080038be   0x080038be   0x00000030   Code   RO         3404    i.UART_EndRxTransfer  stm32f4xx_hal_uart.o
    0x080038ee   0x080038ee   0x000000ae   Code   RO         3406    i.UART_Receive_IT   stm32f4xx_hal_uart.o
    0x0800399c   0x0800399c   0x0000010c   Code   RO         3407    i.UART_SetConfig    stm32f4xx_hal_uart.o
    0x08003aa8   0x08003aa8   0x0000000c   Code   RO          562    i.USART1_IRQHandler  stm32f4xx_it.o
    0x08003ab4   0x08003ab4   0x00000002   Code   RO          563    i.UsageFault_Handler  stm32f4xx_it.o
    0x08003ab6   0x08003ab6   0x00000002   PAD
    0x08003ab8   0x08003ab8   0x00000020   Code   RO         5663    i.__0printf         mc_w.l(printfa.o)
    0x08003ad8   0x08003ad8   0x00000030   Code   RO         5826    i.__ARM_fpclassify  m_wm.l(fpclassify.o)
    0x08003b08   0x08003b08   0x00000020   Code   RO         1764    i.__NVIC_SetPriority  stm32f4xx_hal_cortex.o
    0x08003b28   0x08003b28   0x00000150   Code   RO         5387    i.__hardfp_cosf     m_wm.l(cosf.o)
    0x08003c78   0x08003c78   0x00000118   Code   RO         5399    i.__hardfp_floor    m_wm.l(floor.o)
    0x08003d90   0x08003d90   0x000000c8   Code   RO         5405    i.__hardfp_sin      m_wm.l(sin.o)
    0x08003e58   0x08003e58   0x00000438   Code   RO         5764    i.__ieee754_rem_pio2  m_wm.l(rred.o)
    0x08004290   0x08004290   0x00000170   Code   RO         5733    i.__kernel_cos      m_wm.l(cos_i.o)
    0x08004400   0x08004400   0x000000f8   Code   RO         5828    i.__kernel_poly     m_wm.l(poly.o)
    0x080044f8   0x080044f8   0x00000130   Code   RO         5772    i.__kernel_sin      m_wm.l(sin_i.o)
    0x08004628   0x08004628   0x00000014   Code   RO         5737    i.__mathlib_dbl_infnan  m_wm.l(dunder.o)
    0x0800463c   0x0800463c   0x00000004   PAD
    0x08004640   0x08004640   0x00000020   Code   RO         5739    i.__mathlib_dbl_invalid  m_wm.l(dunder.o)
    0x08004660   0x08004660   0x00000020   Code   RO         5742    i.__mathlib_dbl_underflow  m_wm.l(dunder.o)
    0x08004680   0x08004680   0x00000006   Code   RO         5751    i.__mathlib_flt_infnan  m_wm.l(funder.o)
    0x08004686   0x08004686   0x00000002   PAD
    0x08004688   0x08004688   0x00000010   Code   RO         5753    i.__mathlib_flt_invalid  m_wm.l(funder.o)
    0x08004698   0x08004698   0x00000154   Code   RO         5769    i.__mathlib_rredf2  m_wm.l(rredf.o)
    0x080047ec   0x080047ec   0x0000000e   Code   RO         5838    i.__scatterload_copy  mc_w.l(handlers.o)
    0x080047fa   0x080047fa   0x00000002   Code   RO         5839    i.__scatterload_null  mc_w.l(handlers.o)
    0x080047fc   0x080047fc   0x0000000e   Code   RO         5840    i.__scatterload_zeroinit  mc_w.l(handlers.o)
    0x0800480a   0x0800480a   0x00000002   PAD
    0x0800480c   0x0800480c   0x0000000c   Code   RO         5804    i.__set_errno       mc_w.l(errno.o)
    0x08004818   0x08004818   0x00000164   Code   RO         5670    i._fp_digits        mc_w.l(printfa.o)
    0x0800497c   0x0800497c   0x000006dc   Code   RO         5671    i._printf_core      mc_w.l(printfa.o)
    0x08005058   0x08005058   0x00000024   Code   RO         5672    i._printf_post_padding  mc_w.l(printfa.o)
    0x0800507c   0x0800507c   0x0000002e   Code   RO         5673    i._printf_pre_padding  mc_w.l(printfa.o)
    0x080050aa   0x080050aa   0x00000018   Code   RO         5822    i.fabs              m_wm.l(fabs.o)
    0x080050c2   0x080050c2   0x00000002   PAD
    0x080050c4   0x080050c4   0x00000014   Code   RO          495    i.fputc             usart.o
    0x080050d8   0x080050d8   0x000000b0   Code   RO           15    i.generateFlatTopWindow  main.o
    0x08005188   0x08005188   0x000004e8   Code   RO           16    i.main              main.o
    0x08005670   0x08005670   0x0000006c   Code   RO         5692    i.malloc            mc_w.l(malloc.o)
    0x080056dc   0x080056dc   0x00000020   Code   RO         4217    i.prvResetNextTaskUnblockTime  tasks.o
    0x080056fc   0x080056fc   0x00000026   Code   RO         3848    i.uxListRemove      list.o
    0x08005722   0x08005722   0x00000018   Code   RO         3852    i.vListInsertEnd    list.o
    0x0800573a   0x0800573a   0x00000002   PAD
    0x0800573c   0x0800573c   0x0000005c   Code   RO         4242    i.vTaskSwitchContext  tasks.o
    0x08005798   0x08005798   0x0000002c   Code   RO         4973    i.xPortSysTickHandler  port.o
    0x080057c4   0x080057c4   0x0000001c   Code   RO         4250    i.xTaskGetSchedulerState  tasks.o
    0x080057e0   0x080057e0   0x000000cc   Code   RO         4253    i.xTaskIncrementTick  tasks.o
    0x080058ac   0x080058ac   0x00000008   Data   RO         1481    .constdata          stm32f4xx_hal_dma.o
    0x080058b4   0x080058b4   0x00000010   Data   RO         3711    .constdata          system_stm32f4xx.o
    0x080058c4   0x080058c4   0x00000008   Data   RO         3712    .constdata          system_stm32f4xx.o
    0x080058cc   0x080058cc   0x00000010   Data   RO         5151    .constdata          arm_cortexM4lf_math.lib(arm_const_structs.o)
    0x080058dc   0x080058dc   0x00002000   Data   RO         5315    .constdata          arm_cortexM4lf_math.lib(arm_common_tables.o)
    0x080078dc   0x080078dc   0x00000e10   Data   RO         5344    .constdata          arm_cortexM4lf_math.lib(arm_common_tables.o)
    0x080086ec   0x080086ec   0x00000004   PAD
    0x080086f0   0x080086f0   0x00000030   Data   RO         5734    .constdata          m_wm.l(cos_i.o)
    0x08008720   0x08008720   0x000000c8   Data   RO         5766    .constdata          m_wm.l(rred.o)
    0x080087e8   0x080087e8   0x00000020   Data   RO         5770    .constdata          m_wm.l(rredf.o)
    0x08008808   0x08008808   0x00000028   Data   RO         5773    .constdata          m_wm.l(sin_i.o)
    0x08008830   0x08008830   0x00000020   Data   RO         5836    Region$$Table       anon$$obj.o


    Execution Region RW_IRAM2 (Exec base: 0x10000000, Load base: 0x080088d4, Size: 0x00000000, Max: 0x00010000, ABSOLUTE)

    **** No section assigned to this execution region ****


    Execution Region RW_IRAM1 (Exec base: 0x20000000, Load base: 0x08008850, Size: 0x00006628, Max: 0x00020000, ABSOLUTE)

    Exec Addr    Load Addr    Size         Type   Attr      Idx    E Section Name        Object

    0x20000000   0x08008850   0x00000028   Data   RW           18    .data               main.o
    0x20000028   0x08008878   0x00000004   Data   RW          497    .data               usart.o
    0x2000002c   0x0800887c   0x0000000c   Data   RW         1908    .data               stm32f4xx_hal.o
    0x20000038   0x08008888   0x00000004   Data   RW         3713    .data               system_stm32f4xx.o
    0x2000003c   0x0800888c   0x0000003c   Data   RW         4262    .data               tasks.o
    0x20000078   0x080088c8   0x00000004   Data   RW         5800    .data               mc_w.l(mvars.o)
    0x2000007c   0x080088cc   0x00000004   Data   RW         5801    .data               mc_w.l(mvars.o)
    0x20000080   0x080088d0   0x00000004   Data   RW         5805    .data               mc_w.l(errno.o)
    0x20000084        -       0x00005800   Zero   RW           17    .bss                main.o
    0x20005884        -       0x000000a8   Zero   RW          338    .bss                adc.o
    0x2000592c        -       0x000000d4   Zero   RW          380    .bss                dac.o
    0x20005a00        -       0x00000090   Zero   RW          447    .bss                tim.o
    0x20005a90        -       0x000000a4   Zero   RW          496    .bss                usart.o
    0x20005b34        -       0x000000f0   Zero   RW         4261    .bss                tasks.o
    0x20005c24   0x080088d4   0x00000004   PAD
    0x20005c28        -       0x00000400   Zero   RW            2    HEAP                startup_stm32f407xx.o
    0x20006028        -       0x00000600   Zero   RW            1    STACK               startup_stm32f407xx.o


==============================================================================

Image component sizes


      Code (inc. data)   RO Data    RW Data    ZI Data      Debug   Object Name

       252         32          0          0        168       1755   adc.o
       292         30          0          0        212       1831   dac.o
       108          4          0          0          0        842   dma.o
         0          0          0          0          0      15920   event_groups.o
       364         28          0          0          0       1163   gpio.o
        62          0          0          0          0       1628   list.o
      1584        158          0         40      22528     731441   main.o
       234         22          0          0          0       4030   port.o
        36          8        392          0       2560        836   startup_stm32f407xx.o
       180         28          0         12          0       9373   stm32f4xx_hal.o
      1200         66          0          0          0       7053   stm32f4xx_hal_adc.o
       198         14          0          0          0      33611   stm32f4xx_hal_cortex.o
       438         26          0          0          0       6154   stm32f4xx_hal_dac.o
        56          0          0          0          0       3885   stm32f4xx_hal_dac_ex.o
      1080         16          8          0          0       6590   stm32f4xx_hal_dma.o
       542         50          0          0          0       3208   stm32f4xx_hal_gpio.o
        56          4          0          0          0        874   stm32f4xx_hal_msp.o
      1344         72          0          0          0       5036   stm32f4xx_hal_rcc.o
       730         74          0          0          0       6480   stm32f4xx_hal_tim.o
       144         28          0          0          0       1296   stm32f4xx_hal_tim_ex.o
      1140         16          0          0          0       7436   stm32f4xx_hal_uart.o
       116         32          0          0          0       6751   stm32f4xx_it.o
        16          4         24          4          0       1139   system_stm32f4xx.o
       356         32          0         60        240      10233   tasks.o
       264         22          0          0        144       2383   tim.o
       256         34          0          4        164       3597   usart.o

    ----------------------------------------------------------------------
     11080        800        456        120      26020     874545   Object Totals
         0          0         32          0          0          0   (incl. Generated)
        32          0          0          0          4          0   (incl. Padding)

    ----------------------------------------------------------------------

      Code (inc. data)   RO Data    RW Data    ZI Data      Debug   Library Member Name

       192          0          0          0          0        572   arm_bitreversal2.o
      1826          0          0          0          0      17385   arm_cfft_f32.o
      1244          4          0          0          0       3123   arm_cfft_radix8_f32.o
       252          6          0          0          0      17652   arm_cmplx_mag_f32.o
         0          0      11792          0          0       4704   arm_common_tables.o
         0          0         16          0          0       4212   arm_const_structs.o
       216          0          0          0          0       1742   arm_max_f32.o
       368         46         48          0          0        200   cos_i.o
       336         56          0          0          0        136   cosf.o
        84         16          0          0          0        372   dunder.o
        24          0          0          0          0        124   fabs.o
       280         28          0          0          0        156   floor.o
        48          0          0          0          0        124   fpclassify.o
        22          6          0          0          0        232   funder.o
       248          0          0          0          0        152   poly.o
      1080        142        200          0          0        188   rred.o
       340         24         32          0          0        160   rredf.o
       200         20          0          0          0        164   sin.o
       304         24         40          0          0        208   sin_i.o
         0          0          0          0          0          0   entry.o
         0          0          0          0          0          0   entry10a.o
         0          0          0          0          0          0   entry11a.o
         8          4          0          0          0          0   entry2.o
         4          0          0          0          0          0   entry5.o
         0          0          0          0          0          0   entry7b.o
         0          0          0          0          0          0   entry8b.o
         8          4          0          0          0          0   entry9a.o
        12          6          0          4          0         68   errno.o
        30          0          0          0          0          0   handlers.o
        36          8          0          0          0         68   init.o
         0          0          0          0          0          0   iusefp.o
        30          0          0          0          0         68   llshl.o
        36          0          0          0          0         68   llsshr.o
        32          0          0          0          0         68   llushr.o
       108         16          0          0          0         84   malloc.o
        36          0          0          0          0        108   memseta.o
         0          0          0          8          0          0   mvars.o
      2226         90          0          0          0        444   printfa.o
        44          0          0          0          0         80   uidiv.o
        98          0          0          0          0         92   uldiv.o
        48          0          0          0          0         68   cdrcmple.o
        56          0          0          0          0         88   d2f.o
       334          0          0          0          0        148   dadd.o
       222          0          0          0          0        100   ddiv.o
       186          0          0          0          0        176   depilogue.o
        62          0          0          0          0         80   dfixi.o
        50          0          0          0          0         76   dfixui.o
        48          0          0          0          0         68   dfixul.o
        34          0          0          0          0         76   dflti.o
        26          0          0          0          0         76   dfltui.o
       228          0          0          0          0         96   dmul.o
        38          0          0          0          0         68   f2d.o
       110          0          0          0          0        168   fepilogue.o

    ----------------------------------------------------------------------
     11228        500      12132         12          0      54042   Library Totals
        14          0          4          0          0          0   (incl. Padding)

    ----------------------------------------------------------------------

      Code (inc. data)   RO Data    RW Data    ZI Data      Debug   Library Name

      3730         10      11808          0          0      49390   arm_cortexM4lf_math.lib
      3334        362        320          0          0       2216   m_wm.l
      2708        128          0         12          0       1148   mc_w.l
      1442          0          0          0          0       1288   mf_w.l

    ----------------------------------------------------------------------
     11228        500      12132         12          0      54042   Library Totals

    ----------------------------------------------------------------------

==============================================================================


      Code (inc. data)   RO Data    RW Data    ZI Data      Debug   

     22308       1300      12588        132      26020     915243   Grand Totals
     22308       1300      12588        132      26020     915243   ELF Image Totals
     22308       1300      12588        132          0          0   ROM Totals

==============================================================================

    Total RO  Size (Code + RO Data)                34896 (  34.08kB)
    Total RW  Size (RW Data + ZI Data)             26152 (  25.54kB)
    Total ROM Size (Code + RO Data + RW Data)      35028 (  34.21kB)

==============================================================================

